Archive member included to satisfy reference by file (symbol)

/usr/lib/gcc/arm-none-eabi/9.2.1/../../../arm-none-eabi/lib/thumb/v7e-m+fp/hard/libm.a(lib_a-s_cos.o)
                              lcd-serial.o (cos)
/usr/lib/gcc/arm-none-eabi/9.2.1/../../../arm-none-eabi/lib/thumb/v7e-m+fp/hard/libm.a(lib_a-s_sin.o)
                              lcd-serial.o (sin)
/usr/lib/gcc/arm-none-eabi/9.2.1/../../../arm-none-eabi/lib/thumb/v7e-m+fp/hard/libm.a(lib_a-e_rem_pio2.o)
                              /usr/lib/gcc/arm-none-eabi/9.2.1/../../../arm-none-eabi/lib/thumb/v7e-m+fp/hard/libm.a(lib_a-s_cos.o) (__ieee754_rem_pio2)
/usr/lib/gcc/arm-none-eabi/9.2.1/../../../arm-none-eabi/lib/thumb/v7e-m+fp/hard/libm.a(lib_a-k_cos.o)
                              /usr/lib/gcc/arm-none-eabi/9.2.1/../../../arm-none-eabi/lib/thumb/v7e-m+fp/hard/libm.a(lib_a-s_cos.o) (__kernel_cos)
/usr/lib/gcc/arm-none-eabi/9.2.1/../../../arm-none-eabi/lib/thumb/v7e-m+fp/hard/libm.a(lib_a-k_rem_pio2.o)
                              /usr/lib/gcc/arm-none-eabi/9.2.1/../../../arm-none-eabi/lib/thumb/v7e-m+fp/hard/libm.a(lib_a-e_rem_pio2.o) (__kernel_rem_pio2)
/usr/lib/gcc/arm-none-eabi/9.2.1/../../../arm-none-eabi/lib/thumb/v7e-m+fp/hard/libm.a(lib_a-k_sin.o)
                              /usr/lib/gcc/arm-none-eabi/9.2.1/../../../arm-none-eabi/lib/thumb/v7e-m+fp/hard/libm.a(lib_a-s_cos.o) (__kernel_sin)
/usr/lib/gcc/arm-none-eabi/9.2.1/../../../arm-none-eabi/lib/thumb/v7e-m+fp/hard/libm.a(lib_a-s_fabs.o)
                              /usr/lib/gcc/arm-none-eabi/9.2.1/../../../arm-none-eabi/lib/thumb/v7e-m+fp/hard/libm.a(lib_a-e_rem_pio2.o) (fabs)
/usr/lib/gcc/arm-none-eabi/9.2.1/../../../arm-none-eabi/lib/thumb/v7e-m+fp/hard/libm.a(lib_a-s_floor.o)
                              /usr/lib/gcc/arm-none-eabi/9.2.1/../../../arm-none-eabi/lib/thumb/v7e-m+fp/hard/libm.a(lib_a-k_rem_pio2.o) (floor)
/usr/lib/gcc/arm-none-eabi/9.2.1/../../../arm-none-eabi/lib/thumb/v7e-m+fp/hard/libm.a(lib_a-s_scalbn.o)
                              /usr/lib/gcc/arm-none-eabi/9.2.1/../../../arm-none-eabi/lib/thumb/v7e-m+fp/hard/libm.a(lib_a-k_rem_pio2.o) (scalbn)
../../../../../libopencm3//lib/libopencm3_stm32f4.a(fmc_common_f47.o)
                              sdram.o (sdram_timing)
../../../../../libopencm3//lib/libopencm3_stm32f4.a(gpio_common_all.o)
                              lcd-spi.o (gpio_set)
../../../../../libopencm3//lib/libopencm3_stm32f4.a(gpio_common_f0234.o)
                              sdram.o (gpio_mode_setup)
../../../../../libopencm3//lib/libopencm3_stm32f4.a(rcc_common_all.o)
                              sdram.o (rcc_periph_clock_enable)
../../../../../libopencm3//lib/libopencm3_stm32f4.a(rcc.o)
                              clock.o (rcc_clock_setup_pll)
../../../../../libopencm3//lib/libopencm3_stm32f4.a(spi_common_all.o)
                              lcd-spi.o (spi_enable)
../../../../../libopencm3//lib/libopencm3_stm32f4.a(spi_common_v1.o)
                              lcd-spi.o (spi_init_master)
../../../../../libopencm3//lib/libopencm3_stm32f4.a(usart_common_all.o)
                              console.o (usart_set_baudrate)
../../../../../libopencm3//lib/libopencm3_stm32f4.a(usart_common_f124.o)
                              ../../../../../libopencm3//lib/libopencm3_stm32f4.a(usart_common_all.o) (usart_send)
../../../../../libopencm3//lib/libopencm3_stm32f4.a(vector.o)
                              (reset_handler)
../../../../../libopencm3//lib/libopencm3_stm32f4.a(systick.o)
                              clock.o (systick_set_reload)
../../../../../libopencm3//lib/libopencm3_stm32f4.a(scb.o)
                              console.o (scb_reset_system)
../../../../../libopencm3//lib/libopencm3_stm32f4.a(nvic.o)
                              console.o (nvic_enable_irq)
../../../../../libopencm3//lib/libopencm3_stm32f4.a(flash_common_all.o)
                              ../../../../../libopencm3//lib/libopencm3_stm32f4.a(rcc.o) (flash_set_ws)
../../../../../libopencm3//lib/libopencm3_stm32f4.a(flash_common_idcache.o)
                              ../../../../../libopencm3//lib/libopencm3_stm32f4.a(rcc.o) (flash_dcache_enable)
../../../../../libopencm3//lib/libopencm3_stm32f4.a(pwr.o)
                              ../../../../../libopencm3//lib/libopencm3_stm32f4.a(rcc.o) (pwr_set_vos_scale)
/usr/lib/gcc/arm-none-eabi/9.2.1/thumb/v7e-m+fp/hard/libgcc.a(_arm_muldf3.o)
                              lcd-serial.o (__aeabi_dmul)
/usr/lib/gcc/arm-none-eabi/9.2.1/thumb/v7e-m+fp/hard/libgcc.a(_arm_addsubdf3.o)
                              /usr/lib/gcc/arm-none-eabi/9.2.1/../../../arm-none-eabi/lib/thumb/v7e-m+fp/hard/libm.a(lib_a-s_cos.o) (__aeabi_dsub)
/usr/lib/gcc/arm-none-eabi/9.2.1/thumb/v7e-m+fp/hard/libgcc.a(_arm_muldivdf3.o)
                              lcd-serial.o (__aeabi_ddiv)
/usr/lib/gcc/arm-none-eabi/9.2.1/thumb/v7e-m+fp/hard/libgcc.a(_arm_cmpdf2.o)
[...]
Memory Configuration

Name             Origin             Length             Attributes
rom              0x0000000008000000 0x0000000000200000 xr
ccm              0x0000000010000000 0x0000000000010000 xrw
ram              0x0000000020000000 0x0000000000030000 xrw
*default*        0x0000000000000000 0xffffffffffffffff

Linker script and memory map

LOAD sdram.o
LOAD clock.o
LOAD console.o
LOAD lcd-spi.o
LOAD gfx.o
LOAD lcd-serial.o
LOAD /usr/lib/gcc/arm-none-eabi/9.2.1/../../../arm-none-eabi/lib/thumb/v7e-m+fp/hard/libm.a
LOAD ../../../../../libopencm3//lib/libopencm3_stm32f4.a
START GROUP
LOAD /usr/lib/gcc/arm-none-eabi/9.2.1/../../../arm-none-eabi/lib/thumb/v7e-m+fp/hard/libc.a
LOAD /usr/lib/gcc/arm-none-eabi/9.2.1/thumb/v7e-m+fp/hard/libgcc.a
LOAD /usr/lib/gcc/arm-none-eabi/9.2.1/../../../arm-none-eabi/lib/thumb/v7e-m+fp/hard/libnosys.a
END GROUP
START GROUP
LOAD /usr/lib/gcc/arm-none-eabi/9.2.1/thumb/v7e-m+fp/hard/libgcc.a
LOAD /usr/lib/gcc/arm-none-eabi/9.2.1/../../../arm-none-eabi/lib/thumb/v7e-m+fp/hard/libg.a
LOAD /usr/lib/gcc/arm-none-eabi/9.2.1/../../../arm-none-eabi/lib/thumb/v7e-m+fp/hard/libc.a
END GROUP

.text           0x0000000008000000     0x3df8
 *(.vectors)
 .vectors       0x0000000008000000      0x1ac ../../../../../libopencm3//lib/libopencm3_stm32f4.a(vector.o)
                0x0000000008000000                vector_table
 *(.text*)
 .text.sdram_init
                0x00000000080001ac       0xfc sdram.o
                0x00000000080001ac                sdram_init
 .text.sys_tick_handler
                0x00000000080002a8       0x10 clock.o
                0x00000000080002a8                sys_tick_handler
 .text.msleep   0x00000000080002b8       0x14 clock.o
                0x00000000080002b8                msleep
 .text.clock_setup
                0x00000000080002cc       0x28 clock.o
                0x00000000080002cc                clock_setup
 .text.usart1_isr
                0x00000000080002f4       0x58 console.o
                0x00000000080002f4                usart1_isr
 .text.console_putc
                0x000000000800034c       0x18 console.o
                0x000000000800034c                console_putc
 .text.console_puts
                0x0000000008000364       0x1e console.o
                0x0000000008000364                console_puts
 *fill*         0x0000000008000382        0x2 
 .text.console_setup
                0x0000000008000384       0x80 console.o
                0x0000000008000384                console_setup
 .text.lcd_command
                0x0000000008000404       0x64 lcd-spi.o
 .text.print_hex
                0x0000000008000468       0x4c lcd-spi.o
 .text.lcd_draw_pixel
                0x00000000080004b4       0x14 lcd-spi.o
                0x00000000080004b4                lcd_draw_pixel
 .text.lcd_show_frame
                0x00000000080004c8       0x50 lcd-spi.o
                0x00000000080004c8                lcd_show_frame
 .text.lcd_spi_init
                0x0000000008000518      0x1b0 lcd-spi.o
                0x0000000008000518                lcd_spi_init
 .text.gfx_drawPixel
                0x00000000080006c8       0x2c gfx.o
                0x00000000080006c8                gfx_drawPixel
 .text.gfx_init
                0x00000000080006f4       0x20 gfx.o
                0x00000000080006f4                gfx_init
 .text.gfx_drawCircle
                0x0000000008000714       0xfa gfx.o
                0x0000000008000714                gfx_drawCircle
 .text.gfx_drawCircleHelper
                0x000000000800080e       0xd8 gfx.o
                0x000000000800080e                gfx_drawCircleHelper
 .text.gfx_drawLine
                0x00000000080008e6       0xb4 gfx.o
                0x00000000080008e6                gfx_drawLine
 .text.gfx_drawFastVLine
                0x000000000800099a       0x16 gfx.o
                0x000000000800099a                gfx_drawFastVLine
 .text.gfx_fillCircleHelper
                0x00000000080009b0       0xfc gfx.o
                0x00000000080009b0                gfx_fillCircleHelper
 .text.gfx_fillCircle
                0x0000000008000aac       0x30 gfx.o
                0x0000000008000aac                gfx_fillCircle
 .text.gfx_drawFastHLine
                0x0000000008000adc       0x16 gfx.o
                0x0000000008000adc                gfx_drawFastHLine
 .text.gfx_fillRect
                0x0000000008000af2       0x2a gfx.o
                0x0000000008000af2                gfx_fillRect
 .text.gfx_fillScreen
                0x0000000008000b1c       0x20 gfx.o
                0x0000000008000b1c                gfx_fillScreen
 .text.gfx_drawRoundRect
                0x0000000008000b3c       0xd8 gfx.o
                0x0000000008000b3c                gfx_drawRoundRect
 .text.gfx_fillRoundRect
                0x0000000008000c14       0x78 gfx.o
                0x0000000008000c14                gfx_fillRoundRect
 .text.gfx_drawChar
                0x0000000008000c8c       0xdc gfx.o
                0x0000000008000c8c                gfx_drawChar
 .text.gfx_write
                0x0000000008000d68       0x70 gfx.o
                0x0000000008000d68                gfx_write
 .text.gfx_puts
                0x0000000008000dd8       0x12 gfx.o
                0x0000000008000dd8                gfx_puts
 *fill*         0x0000000008000dea        0x2 
 .text.gfx_setCursor
                0x0000000008000dec        0xc gfx.o
                0x0000000008000dec                gfx_setCursor
 .text.gfx_setTextSize
                0x0000000008000df8       0x10 gfx.o
                0x0000000008000df8                gfx_setTextSize
 .text.gfx_setTextColor
                0x0000000008000e08        0xc gfx.o
                0x0000000008000e08                gfx_setTextColor
 *fill*         0x0000000008000e14        0x4 
 .text.startup.main
                0x0000000008000e18      0x318 lcd-serial.o
                0x0000000008000e18                main
 .text          0x0000000008001130       0xc0 /usr/lib/gcc/arm-none-eabi/9.2.1/../../../arm-none-eabi/lib/thumb/v7e-m+fp/hard/libm.a(lib_a-s_cos.o)
                0x0000000008001130                cos
 .text          0x00000000080011f0       0xc0 /usr/lib/gcc/arm-none-eabi/9.2.1/../../../arm-none-eabi/lib/thumb/v7e-m+fp/hard/libm.a(lib_a-s_sin.o)
                0x00000000080011f0                sin
 .text          0x00000000080012b0      0x42c /usr/lib/gcc/arm-none-eabi/9.2.1/../../../arm-none-eabi/lib/thumb/v7e-m+fp/hard/libm.a(lib_a-e_rem_pio2.o)
                0x00000000080012b0                __ieee754_rem_pio2
 *fill*         0x00000000080016dc        0x4 
 .text          0x00000000080016e0      0x284 /usr/lib/gcc/arm-none-eabi/9.2.1/../../../arm-none-eabi/lib/thumb/v7e-m+fp/hard/libm.a(lib_a-k_cos.o)
                0x00000000080016e0                __kernel_cos
 *fill*         0x0000000008001964        0x4 
 .text          0x0000000008001968      0x82c /usr/lib/gcc/arm-none-eabi/9.2.1/../../../arm-none-eabi/lib/thumb/v7e-m+fp/hard/libm.a(lib_a-k_rem_pio2.o)
                0x0000000008001968                __kernel_rem_pio2
 *fill*         0x0000000008002194        0x4 
 .text          0x0000000008002198      0x194 /usr/lib/gcc/arm-none-eabi/9.2.1/../../../arm-none-eabi/lib/thumb/v7e-m+fp/hard/libm.a(lib_a-k_sin.o)
                0x0000000008002198                __kernel_sin
 .text          0x000000000800232c       0x14 /usr/lib/gcc/arm-none-eabi/9.2.1/../../../arm-none-eabi/lib/thumb/v7e-m+fp/hard/libm.a(lib_a-s_fabs.o)
                0x000000000800232c                fabs
 .text          0x0000000008002340      0x108 /usr/lib/gcc/arm-none-eabi/9.2.1/../../../arm-none-eabi/lib/thumb/v7e-m+fp/hard/libm.a(lib_a-s_floor.o)
                0x0000000008002340                floor
 .text          0x0000000008002448      0x124 /usr/lib/gcc/arm-none-eabi/9.2.1/../../../arm-none-eabi/lib/thumb/v7e-m+fp/hard/libm.a(lib_a-s_scalbn.o)
                0x0000000008002448                scalbn
 .text.sdram_timing
                0x000000000800256c       0x4e ../../../../../libopencm3//lib/libopencm3_stm32f4.a(fmc_common_f47.o)
                0x000000000800256c                sdram_timing
 *fill*         0x00000000080025ba        0x2 
 .text.sdram_command
                0x00000000080025bc       0x64 ../../../../../libopencm3//lib/libopencm3_stm32f4.a(fmc_common_f47.o)
                0x00000000080025bc                sdram_command
 .text.gpio_set
                0x0000000008002620        0x4 ../../../../../libopencm3//lib/libopencm3_stm32f4.a(gpio_common_all.o)
                0x0000000008002620                gpio_set
 .text.gpio_clear
                0x0000000008002624        0x6 ../../../../../libopencm3//lib/libopencm3_stm32f4.a(gpio_common_all.o)
                0x0000000008002624                gpio_clear
 .text.gpio_mode_setup
                0x000000000800262a       0x40 ../../../../../libopencm3//lib/libopencm3_stm32f4.a(gpio_common_f0234.o)
                0x000000000800262a                gpio_mode_setup
 .text.gpio_set_output_options
                0x000000000800266a       0x36 ../../../../../libopencm3//lib/libopencm3_stm32f4.a(gpio_common_f0234.o)
                0x000000000800266a                gpio_set_output_options
 .text.gpio_set_af
                0x00000000080026a0       0x54 ../../../../../libopencm3//lib/libopencm3_stm32f4.a(gpio_common_f0234.o)
                0x00000000080026a0                gpio_set_af
 .text.rcc_periph_clock_enable
                0x00000000080026f4       0x1c ../../../../../libopencm3//lib/libopencm3_stm32f4.a(rcc_common_all.o)
                0x00000000080026f4                rcc_periph_clock_enable
 .text.rcc_is_osc_ready
                0x0000000008002710       0x5c ../../../../../libopencm3//lib/libopencm3_stm32f4.a(rcc.o)
                0x0000000008002710                rcc_is_osc_ready
 .text.rcc_wait_for_osc_ready
                0x000000000800276c       0x10 ../../../../../libopencm3//lib/libopencm3_stm32f4.a(rcc.o)
                0x000000000800276c                rcc_wait_for_osc_ready
 .text.rcc_osc_on
                0x000000000800277c       0x58 ../../../../../libopencm3//lib/libopencm3_stm32f4.a(rcc.o)
                0x000000000800277c                rcc_osc_on
 .text.rcc_osc_off
                0x00000000080027d4       0x58 ../../../../../libopencm3//lib/libopencm3_stm32f4.a(rcc.o)
                0x00000000080027d4                rcc_osc_off
 .text.rcc_set_sysclk_source
                0x000000000800282c       0x14 ../../../../../libopencm3//lib/libopencm3_stm32f4.a(rcc.o)
                0x000000000800282c                rcc_set_sysclk_source
 .text.rcc_set_ppre2
                0x0000000008002840       0x14 ../../../../../libopencm3//lib/libopencm3_stm32f4.a(rcc.o)
                0x0000000008002840                rcc_set_ppre2
 .text.rcc_set_ppre1
                0x0000000008002854       0x14 ../../../../../libopencm3//lib/libopencm3_stm32f4.a(rcc.o)
                0x0000000008002854                rcc_set_ppre1
 .text.rcc_set_hpre
                0x0000000008002868       0x14 ../../../../../libopencm3//lib/libopencm3_stm32f4.a(rcc.o)
                0x0000000008002868                rcc_set_hpre
 .text.rcc_set_main_pll_hsi
                0x000000000800287c       0x44 ../../../../../libopencm3//lib/libopencm3_stm32f4.a(rcc.o)
                0x000000000800287c                rcc_set_main_pll_hsi
 .text.rcc_set_main_pll_hse
                0x00000000080028c0       0x44 ../../../../../libopencm3//lib/libopencm3_stm32f4.a(rcc.o)
                0x00000000080028c0                rcc_set_main_pll_hse
 .text.rcc_clock_setup_pll
                0x0000000008002904       0xf4 ../../../../../libopencm3//lib/libopencm3_stm32f4.a(rcc.o)
                0x0000000008002904                rcc_clock_setup_pll
 .text.spi_enable
                0x00000000080029f8        0xa ../../../../../libopencm3//lib/libopencm3_stm32f4.a(spi_common_all.o)
                0x00000000080029f8                spi_enable
 .text.spi_xfer
                0x0000000008002a02        0xe ../../../../../libopencm3//lib/libopencm3_stm32f4.a(spi_common_all.o)
                0x0000000008002a02                spi_xfer
 .text.spi_enable_ss_output
                0x0000000008002a10        0xa ../../../../../libopencm3//lib/libopencm3_stm32f4.a(spi_common_all.o)
                0x0000000008002a10                spi_enable_ss_output
 .text.spi_init_master
                0x0000000008002a1a       0x28 ../../../../../libopencm3//lib/libopencm3_stm32f4.a(spi_common_v1.o)
                0x0000000008002a1a                spi_init_master
 *fill*         0x0000000008002a42        0x2 
 .text.usart_set_baudrate
                0x0000000008002a44       0x2c ../../../../../libopencm3//lib/libopencm3_stm32f4.a(usart_common_all.o)
                0x0000000008002a44                usart_set_baudrate
 .text.usart_set_databits
                0x0000000008002a70       0x12 ../../../../../libopencm3//lib/libopencm3_stm32f4.a(usart_common_all.o)
                0x0000000008002a70                usart_set_databits
 .text.usart_set_stopbits
                0x0000000008002a82        0xc ../../../../../libopencm3//lib/libopencm3_stm32f4.a(usart_common_all.o)
                0x0000000008002a82                usart_set_stopbits
 .text.usart_set_parity
                0x0000000008002a8e        0xc ../../../../../libopencm3//lib/libopencm3_stm32f4.a(usart_common_all.o)
                0x0000000008002a8e                usart_set_parity
 .text.usart_set_mode
                0x0000000008002a9a        0xc ../../../../../libopencm3//lib/libopencm3_stm32f4.a(usart_common_all.o)
                0x0000000008002a9a                usart_set_mode
 .text.usart_set_flow_control
                0x0000000008002aa6        0xc ../../../../../libopencm3//lib/libopencm3_stm32f4.a(usart_common_all.o)
                0x0000000008002aa6                usart_set_flow_control
 .text.usart_enable
                0x0000000008002ab2        0xa ../../../../../libopencm3//lib/libopencm3_stm32f4.a(usart_common_all.o)
                0x0000000008002ab2                usart_enable
 .text.usart_enable_rx_interrupt
                0x0000000008002abc        0xa ../../../../../libopencm3//lib/libopencm3_stm32f4.a(usart_common_all.o)
                0x0000000008002abc                usart_enable_rx_interrupt
 .text.blocking_handler
                0x0000000008002ac6        0x2 ../../../../../libopencm3//lib/libopencm3_stm32f4.a(vector.o)
                0x0000000008002ac6                dma2_stream1_isr
                0x0000000008002ac6                tim8_brk_tim12_isr
                0x0000000008002ac6                dma1_stream7_isr
                0x0000000008002ac6                usart3_isr
                0x0000000008002ac6                tim7_isr
                0x0000000008002ac6                dma2d_isr
                0x0000000008002ac6                uart8_isr
                0x0000000008002ac6                dma1_stream2_isr
                0x0000000008002ac6                otg_hs_isr
                0x0000000008002ac6                blocking_handler
                0x0000000008002ac6                tim5_isr
                0x0000000008002ac6                rtc_wkup_isr
                0x0000000008002ac6                otg_fs_isr
                0x0000000008002ac6                spi1_isr
                0x0000000008002ac6                i2c3_er_isr
                0x0000000008002ac6                exti2_isr
                0x0000000008002ac6                spi5_isr
                0x0000000008002ac6                usb_fs_wkup_isr
                0x0000000008002ac6                tamp_stamp_isr
                0x0000000008002ac6                can1_rx1_isr
                0x0000000008002ac6                dma2_stream0_isr
                0x0000000008002ac6                i2c3_ev_isr
                0x0000000008002ac6                usage_fault_handler
                0x0000000008002ac6                can2_rx0_isr
                0x0000000008002ac6                dma1_stream6_isr
                0x0000000008002ac6                can2_rx1_isr
                0x0000000008002ac6                can1_sce_isr
                0x0000000008002ac6                tim1_cc_isr
                0x0000000008002ac6                can1_tx_isr
                0x0000000008002ac6                tim1_up_tim10_isr
                0x0000000008002ac6                sdio_isr
                0x0000000008002ac6                eth_isr
                0x0000000008002ac6                spi6_isr
                0x0000000008002ac6                dma2_stream5_isr
                0x0000000008002ac6                pvd_isr
                0x0000000008002ac6                can1_rx0_isr
                0x0000000008002ac6                rcc_isr
                0x0000000008002ac6                dma2_stream3_isr
                0x0000000008002ac6                flash_isr
                0x0000000008002ac6                uart4_isr
                0x0000000008002ac6                lcd_tft_isr
                0x0000000008002ac6                rtc_alarm_isr
                0x0000000008002ac6                exti15_10_isr
                0x0000000008002ac6                hash_rng_isr
                0x0000000008002ac6                tim1_trg_com_tim11_isr
                0x0000000008002ac6                hard_fault_handler
                0x0000000008002ac6                exti1_isr
                0x0000000008002ac6                i2c1_ev_isr
                0x0000000008002ac6                usart6_isr
                0x0000000008002ac6                spi2_isr
                0x0000000008002ac6                cryp_isr
                0x0000000008002ac6                nvic_wwdg_isr
                0x0000000008002ac6                dma1_stream1_isr
                0x0000000008002ac6                dma2_stream4_isr
                0x0000000008002ac6                exti3_isr
                0x0000000008002ac6                tim3_isr
                0x0000000008002ac6                usart2_isr
                0x0000000008002ac6                sai1_isr
                0x0000000008002ac6                fpu_isr
                0x0000000008002ac6                dma1_stream4_isr
                0x0000000008002ac6                i2c2_er_isr
                0x0000000008002ac6                i2c2_ev_isr
                0x0000000008002ac6                uart5_isr
                0x0000000008002ac6                dma2_stream6_isr
                0x0000000008002ac6                spi4_isr
                0x0000000008002ac6                adc_isr
                0x0000000008002ac6                dma2_stream7_isr
                0x0000000008002ac6                tim8_up_tim13_isr
                0x0000000008002ac6                fsmc_isr
                0x0000000008002ac6                exti4_isr
                0x0000000008002ac6                tim6_dac_isr
                0x0000000008002ac6                dma1_stream3_isr
                0x0000000008002ac6                tim8_trg_com_tim14_isr
                0x0000000008002ac6                mem_manage_handler
                0x0000000008002ac6                lcd_tft_err_isr
                0x0000000008002ac6                can2_tx_isr
                0x0000000008002ac6                exti9_5_isr
                0x0000000008002ac6                tim1_brk_tim9_isr
                0x0000000008002ac6                uart7_isr
                0x0000000008002ac6                can2_sce_isr
                0x0000000008002ac6                tim4_isr
                0x0000000008002ac6                otg_hs_wkup_isr
                0x0000000008002ac6                i2c1_er_isr
                0x0000000008002ac6                dma1_stream0_isr
                0x0000000008002ac6                tim8_cc_isr
                0x0000000008002ac6                dcmi_isr
                0x0000000008002ac6                dma2_stream2_isr
                0x0000000008002ac6                eth_wkup_isr
                0x0000000008002ac6                bus_fault_handler
                0x0000000008002ac6                otg_hs_ep1_out_isr
                0x0000000008002ac6                spi3_isr
                0x0000000008002ac6                dma1_stream5_isr
                0x0000000008002ac6                otg_hs_ep1_in_isr
                0x0000000008002ac6                tim2_isr
                0x0000000008002ac6                exti0_isr
 .text.null_handler
                0x0000000008002ac8        0x2 ../../../../../libopencm3//lib/libopencm3_stm32f4.a(vector.o)
                0x0000000008002ac8                null_handler
                0x0000000008002ac8                sv_call_handler
                0x0000000008002ac8                pend_sv_handler
                0x0000000008002ac8                debug_monitor_handler
                0x0000000008002ac8                nmi_handler
 *fill*         0x0000000008002aca        0x2 
 .text.reset_handler
                0x0000000008002acc       0x98 ../../../../../libopencm3//lib/libopencm3_stm32f4.a(vector.o)
                0x0000000008002acc                reset_handler
 .text.systick_set_reload
                0x0000000008002b64       0x10 ../../../../../libopencm3//lib/libopencm3_stm32f4.a(systick.o)
                0x0000000008002b64                systick_set_reload
 .text.systick_set_clocksource
                0x0000000008002b74       0x18 ../../../../../libopencm3//lib/libopencm3_stm32f4.a(systick.o)
                0x0000000008002b74                systick_set_clocksource
 .text.systick_interrupt_enable
                0x0000000008002b8c       0x10 ../../../../../libopencm3//lib/libopencm3_stm32f4.a(systick.o)
                0x0000000008002b8c                systick_interrupt_enable
 .text.systick_counter_enable
                0x0000000008002b9c       0x10 ../../../../../libopencm3//lib/libopencm3_stm32f4.a(systick.o)
                0x0000000008002b9c                systick_counter_enable
 .text.scb_reset_system
                0x0000000008002bac       0x10 ../../../../../libopencm3//lib/libopencm3_stm32f4.a(scb.o)
                0x0000000008002bac                scb_reset_system
 .text.nvic_enable_irq
                0x0000000008002bbc       0x1c ../../../../../libopencm3//lib/libopencm3_stm32f4.a(nvic.o)
                0x0000000008002bbc                nvic_enable_irq
 .text.flash_set_ws
                0x0000000008002bd8       0x14 ../../../../../libopencm3//lib/libopencm3_stm32f4.a(flash_common_all.o)
                0x0000000008002bd8                flash_set_ws
 .text.flash_dcache_enable
                0x0000000008002bec       0x10 ../../../../../libopencm3//lib/libopencm3_stm32f4.a(flash_common_idcache.o)
                0x0000000008002bec                flash_dcache_enable
 .text.flash_dcache_disable
                0x0000000008002bfc       0x10 ../../../../../libopencm3//lib/libopencm3_stm32f4.a(flash_common_idcache.o)
                0x0000000008002bfc                flash_dcache_disable
 .text.flash_icache_enable
                0x0000000008002c0c       0x10 ../../../../../libopencm3//lib/libopencm3_stm32f4.a(flash_common_idcache.o)
                0x0000000008002c0c                flash_icache_enable
 .text.flash_icache_disable
                0x0000000008002c1c       0x10 ../../../../../libopencm3//lib/libopencm3_stm32f4.a(flash_common_idcache.o)
                0x0000000008002c1c                flash_icache_disable
 .text.pwr_set_vos_scale
                0x0000000008002c2c       0x18 ../../../../../libopencm3//lib/libopencm3_stm32f4.a(pwr.o)
                0x0000000008002c2c                pwr_set_vos_scale
 .text          0x0000000008002c44      0x378 /usr/lib/gcc/arm-none-eabi/9.2.1/thumb/v7e-m+fp/hard/libgcc.a(_arm_addsubdf3.o)
                0x0000000008002c44                __aeabi_drsub
                0x0000000008002c4c                __aeabi_dsub
                0x0000000008002c4c                __subdf3
                0x0000000008002c50                __adddf3
                0x0000000008002c50                __aeabi_dadd
                0x0000000008002ec8                __aeabi_ui2d
                0x0000000008002ec8                __floatunsidf
                0x0000000008002ee8                __floatsidf
                0x0000000008002ee8                __aeabi_i2d
                0x0000000008002f0c                __extendsfdf2
                0x0000000008002f0c                __aeabi_f2d
                0x0000000008002f50                __aeabi_ul2d
                0x0000000008002f50                __floatundidf
                0x0000000008002f60                __floatdidf
                0x0000000008002f60                __aeabi_l2d
 .text          0x0000000008002fbc      0x424 /usr/lib/gcc/arm-none-eabi/9.2.1/thumb/v7e-m+fp/hard/libgcc.a(_arm_muldivdf3.o)
                0x0000000008002fbc                __aeabi_dmul
                0x0000000008002fbc                __muldf3
                0x0000000008003210                __aeabi_ddiv
                0x0000000008003210                __divdf3
 .text          0x00000000080033e0      0x110 /usr/lib/gcc/arm-none-eabi/9.2.1/thumb/v7e-m+fp/hard/libgcc.a(_arm_cmpdf2.o)
                0x00000000080033e0                __gtdf2
                0x00000000080033e0                __gedf2
                0x00000000080033e8                __ltdf2
                0x00000000080033e8                __ledf2
                0x00000000080033f0                __cmpdf2
                0x00000000080033f0                __eqdf2
                0x00000000080033f0                __nedf2
                0x000000000800346c                __aeabi_cdrcmple
                0x000000000800347c                __aeabi_cdcmple
                0x000000000800347c                __aeabi_cdcmpeq
                0x000000000800348c                __aeabi_dcmpeq
                0x00000000080034a0                __aeabi_dcmplt
                0x00000000080034b4                __aeabi_dcmple
                0x00000000080034c8                __aeabi_dcmpge
                0x00000000080034dc                __aeabi_dcmpgt
 .text          0x00000000080034f0       0x50 /usr/lib/gcc/arm-none-eabi/9.2.1/thumb/v7e-m+fp/hard/libgcc.a(_arm_fixdfsi.o)
                0x00000000080034f0                __fixdfsi
                0x00000000080034f0                __aeabi_d2iz
                0x0000000008003540                . = ALIGN (0x4)
 *(.rodata*)
 .rodata.sdram_pins
                0x0000000008003540       0x30 sdram.o
 .rodata.print_hex.str1.1
                0x0000000008003570        0x3 lcd-spi.o
 .rodata.lcd_spi_init.str1.1
                0x0000000008003573       0x62 lcd-spi.o
 .rodata.cmd_args
                0x00000000080035d5       0x3a lcd-spi.o
 *fill*         0x000000000800360f        0x1 
 .rodata.initialization
                0x0000000008003610       0x50 lcd-spi.o
                0x0000000008003610                initialization
 .rodata.mcm_font
                0x0000000008003660      0x480 gfx.o
 .rodata.main.str1.1
                0x0000000008003ae0       0xe7 lcd-serial.o
 *fill*         0x0000000008003bc7        0x1 
 .rodata        0x0000000008003bc8      0x188 /usr/lib/gcc/arm-none-eabi/9.2.1/../../../arm-none-eabi/lib/thumb/v7e-m+fp/hard/libm.a(lib_a-e_rem_pio2.o)
 .rodata        0x0000000008003d50       0x50 /usr/lib/gcc/arm-none-eabi/9.2.1/../../../arm-none-eabi/lib/thumb/v7e-m+fp/hard/libm.a(lib_a-k_rem_pio2.o)
 .rodata.CSWTCH.2
                0x0000000008003da0        0x3 ../../../../../libopencm3//lib/libopencm3_stm32f4.a(fmc_common_f47.o)
 *fill*         0x0000000008003da3        0x1 
 .rodata.rcc_hse_8mhz_3v3
                0x0000000008003da4       0x54 ../../../../../libopencm3//lib/libopencm3_stm32f4.a(rcc.o)
                0x0000000008003da4                rcc_hse_8mhz_3v3
                0x0000000008003df8                . = ALIGN (0x4)

.glue_7         0x0000000008003df8        0x0
 .glue_7        0x0000000008003df8        0x0 linker stubs

.glue_7t        0x0000000008003df8        0x0
 .glue_7t       0x0000000008003df8        0x0 linker stubs

.vfp11_veneer   0x0000000008003df8        0x0
 .vfp11_veneer  0x0000000008003df8        0x0 linker stubs

.v4_bx          0x0000000008003df8        0x0
 .v4_bx         0x0000000008003df8        0x0 linker stubs

.iplt           0x0000000008003df8        0x0
 .iplt          0x0000000008003df8        0x0 sdram.o

.rel.dyn        0x0000000008003df8        0x0
 .rel.iplt      0x0000000008003df8        0x0 sdram.o

.preinit_array  0x0000000008003df8        0x0
                0x0000000008003df8                . = ALIGN (0x4)
                0x0000000008003df8                __preinit_array_start = .
 *(.preinit_array)
                0x0000000008003df8                __preinit_array_end = .

.init_array     0x0000000008003df8        0x0
                0x0000000008003df8                . = ALIGN (0x4)
                0x0000000008003df8                __init_array_start = .
 *(SORT_BY_NAME(.init_array.*))
 *(.init_array)
                0x0000000008003df8                __init_array_end = .

.fini_array     0x0000000008003df8        0x0
                0x0000000008003df8                . = ALIGN (0x4)
                0x0000000008003df8                __fini_array_start = .
 *(.fini_array)
 *(SORT_BY_NAME(.fini_array.*))
                0x0000000008003df8                __fini_array_end = .

.ARM.extab
 *(.ARM.extab*)

.ARM.exidx      0x0000000008003df8        0x0
                0x0000000008003df8                __exidx_start = .
 *(.ARM.exidx*)
                0x0000000008003df8                __exidx_end = .
                0x0000000008003df8                . = ALIGN (0x4)
                0x0000000008003df8                _etext = .

.noinit
 *(.noinit*)
                0x0000000008003df8                . = ALIGN (0x4)

.data           0x0000000020000000       0x28 load address 0x0000000008003df8
                0x0000000020000000                _data = .
 *(.data*)
 .data.timing   0x0000000020000000       0x1c sdram.o
 .data.rcc_ahb_frequency
                0x000000002000001c        0x4 ../../../../../libopencm3//lib/libopencm3_stm32f4.a(rcc.o)
                0x000000002000001c                rcc_ahb_frequency
 .data.rcc_apb1_frequency
                0x0000000020000020        0x4 ../../../../../libopencm3//lib/libopencm3_stm32f4.a(rcc.o)
                0x0000000020000020                rcc_apb1_frequency
 .data.rcc_apb2_frequency
                0x0000000020000024        0x4 ../../../../../libopencm3//lib/libopencm3_stm32f4.a(rcc.o)
                0x0000000020000024                rcc_apb2_frequency
 *(.ramtext*)
                0x0000000020000028                . = ALIGN (0x4)
                0x0000000020000028                _edata = .
                0x0000000008003df8                _data_loadaddr = LOADADDR (.data)

.igot.plt       0x0000000020000028        0x0 load address 0x0000000008003e20
 .igot.plt      0x0000000020000028        0x0 sdram.o

.bss            0x0000000020000028       0xa8 load address 0x0000000008003e20
 *(.bss*)
 .bss.system_millis
                0x0000000020000028        0x4 clock.o
 .bss.recv_buf  0x000000002000002c       0x80 console.o
                0x000000002000002c                recv_buf
 .bss.recv_ndx_cur
                0x00000000200000ac        0x4 console.o
                0x00000000200000ac                recv_ndx_cur
 .bss.recv_ndx_nxt
                0x00000000200000b0        0x4 console.o
                0x00000000200000b0                recv_ndx_nxt
 .bss.cur_frame
                0x00000000200000b4        0x4 lcd-spi.o
                0x00000000200000b4                cur_frame
 .bss.display_frame
                0x00000000200000b8        0x4 lcd-spi.o
                0x00000000200000b8                display_frame
 .bss.__gfx_state
                0x00000000200000bc       0x14 gfx.o
                0x00000000200000bc                __gfx_state
 *(COMMON)
                0x00000000200000d0                . = ALIGN (0x4)
                0x00000000200000d0                _ebss = .

/DISCARD/
 *(.eh_frame)
                0x00000000200000d0                . = ALIGN (0x4)
                0x00000000200000d0                end = .
                0x0000000020030000                PROVIDE (_stack = (ORIGIN (ram) + LENGTH (ram)))
OUTPUT(lcd-serial.elf elf32-littlearm)
LOAD linker stubs

.debug_info     0x0000000000000000    0x108e3
 .debug_info    0x0000000000000000      0x9fe sdram.o
 .debug_info    0x00000000000009fe      0x351 clock.o
 .debug_info    0x0000000000000d4f      0xac7 console.o
 .debug_info    0x0000000000001816      0xec9 lcd-spi.o
 .debug_info    0x00000000000026df     0x20a2 gfx.o
 .debug_info    0x0000000000004781      0xfbc lcd-serial.o
 .debug_info    0x000000000000573d      0xadc /usr/lib/gcc/arm-none-eabi/9.2.1/../../../arm-none-eabi/lib/thumb/v7e-m+fp/hard/libm.a(lib_a-s_cos.o)
 .debug_info    0x0000000000006219      0xae7 /usr/lib/gcc/arm-none-eabi/9.2.1/../../../arm-none-eabi/lib/thumb/v7e-m+fp/hard/libm.a(lib_a-s_sin.o)
 .debug_info    0x0000000000006d00      0xd17 /usr/lib/gcc/arm-none-eabi/9.2.1/../../../arm-none-eabi/lib/thumb/v7e-m+fp/hard/libm.a(lib_a-e_rem_pio2.o)
 .debug_info    0x0000000000007a17      0xb2a /usr/lib/gcc/arm-none-eabi/9.2.1/../../../arm-none-eabi/lib/thumb/v7e-m+fp/hard/libm.a(lib_a-k_cos.o)
 .debug_info    0x0000000000008541      0xcd6 /usr/lib/gcc/arm-none-eabi/9.2.1/../../../arm-none-eabi/lib/thumb/v7e-m+fp/hard/libm.a(lib_a-k_rem_pio2.o)
 .debug_info    0x0000000000009217      0xaf5 /usr/lib/gcc/arm-none-eabi/9.2.1/../../../arm-none-eabi/lib/thumb/v7e-m+fp/hard/libm.a(lib_a-k_sin.o)
 .debug_info    0x0000000000009d0c      0xa0f /usr/lib/gcc/arm-none-eabi/9.2.1/../../../arm-none-eabi/lib/thumb/v7e-m+fp/hard/libm.a(lib_a-s_fabs.o)
 .debug_info    0x000000000000a71b      0xa8a /usr/lib/gcc/arm-none-eabi/9.2.1/../../../arm-none-eabi/lib/thumb/v7e-m+fp/hard/libm.a(lib_a-s_floor.o)
 .debug_info    0x000000000000b1a5      0xae3 /usr/lib/gcc/arm-none-eabi/9.2.1/../../../arm-none-eabi/lib/thumb/v7e-m+fp/hard/libm.a(lib_a-s_scalbn.o)
 .debug_info    0x000000000000bc88      0x209 ../../../../../libopencm3//lib/libopencm3_stm32f4.a(fmc_common_f47.o)
 .debug_info    0x000000000000be91      0x24e ../../../../../libopencm3//lib/libopencm3_stm32f4.a(gpio_common_all.o)
 .debug_info    0x000000000000c0df      0x20f ../../../../../libopencm3//lib/libopencm3_stm32f4.a(gpio_common_f0234.o)
 .debug_info    0x000000000000c2ee      0xaca ../../../../../libopencm3//lib/libopencm3_stm32f4.a(rcc_common_all.o)
 .debug_info    0x000000000000cdb8     0x1124 ../../../../../libopencm3//lib/libopencm3_stm32f4.a(rcc.o)
 .debug_info    0x000000000000dedc      0xbd0 ../../../../../libopencm3//lib/libopencm3_stm32f4.a(spi_common_all.o)
 .debug_info    0x000000000000eaac      0x2f0 ../../../../../libopencm3//lib/libopencm3_stm32f4.a(spi_common_v1.o)
 .debug_info    0x000000000000ed9c      0x71e ../../../../../libopencm3//lib/libopencm3_stm32f4.a(usart_common_all.o)
 .debug_info    0x000000000000f4ba      0x2e6 ../../../../../libopencm3//lib/libopencm3_stm32f4.a(vector.o)
 .debug_info    0x000000000000f7a0      0x268 ../../../../../libopencm3//lib/libopencm3_stm32f4.a(systick.o)
 .debug_info    0x000000000000fa08      0x962 ../../../../../libopencm3//lib/libopencm3_stm32f4.a(scb.o)
 .debug_info    0x000000000001036a      0x22d ../../../../../libopencm3//lib/libopencm3_stm32f4.a(nvic.o)
 .debug_info    0x0000000000010597       0xf0 ../../../../../libopencm3//lib/libopencm3_stm32f4.a(flash_common_all.o)
 .debug_info    0x0000000000010687       0xe8 ../../../../../libopencm3//lib/libopencm3_stm32f4.a(flash_common_idcache.o)
 .debug_info    0x000000000001076f       0xdc ../../../../../libopencm3//lib/libopencm3_stm32f4.a(pwr.o)
 .debug_info    0x000000000001084b       0x26 /usr/lib/gcc/arm-none-eabi/9.2.1/thumb/v7e-m+fp/hard/libgcc.a(_arm_addsubdf3.o)
 .debug_info    0x0000000000010871       0x26 /usr/lib/gcc/arm-none-eabi/9.2.1/thumb/v7e-m+fp/hard/libgcc.a(_arm_muldivdf3.o)
 .debug_info    0x0000000000010897       0x26 /usr/lib/gcc/arm-none-eabi/9.2.1/thumb/v7e-m+fp/hard/libgcc.a(_arm_cmpdf2.o)
 .debug_info    0x00000000000108bd       0x26 /usr/lib/gcc/arm-none-eabi/9.2.1/thumb/v7e-m+fp/hard/libgcc.a(_arm_fixdfsi.o)

.debug_abbrev   0x0000000000000000     0x3a3c
 .debug_abbrev  0x0000000000000000      0x1a7 sdram.o
 .debug_abbrev  0x00000000000001a7      0x1a7 clock.o
 .debug_abbrev  0x000000000000034e      0x248 console.o
 .debug_abbrev  0x0000000000000596      0x3ab lcd-spi.o
 .debug_abbrev  0x0000000000000941      0x43d gfx.o
 .debug_abbrev  0x0000000000000d7e      0x234 lcd-serial.o
 .debug_abbrev  0x0000000000000fb2      0x293 /usr/lib/gcc/arm-none-eabi/9.2.1/../../../arm-none-eabi/lib/thumb/v7e-m+fp/hard/libm.a(lib_a-s_cos.o)
 .debug_abbrev  0x0000000000001245      0x29e /usr/lib/gcc/arm-none-eabi/9.2.1/../../../arm-none-eabi/lib/thumb/v7e-m+fp/hard/libm.a(lib_a-s_sin.o)
 .debug_abbrev  0x00000000000014e3      0x2dc /usr/lib/gcc/arm-none-eabi/9.2.1/../../../arm-none-eabi/lib/thumb/v7e-m+fp/hard/libm.a(lib_a-e_rem_pio2.o)
 .debug_abbrev  0x00000000000017bf      0x266 /usr/lib/gcc/arm-none-eabi/9.2.1/../../../arm-none-eabi/lib/thumb/v7e-m+fp/hard/libm.a(lib_a-k_cos.o)
 .debug_abbrev  0x0000000000001a25      0x2df /usr/lib/gcc/arm-none-eabi/9.2.1/../../../arm-none-eabi/lib/thumb/v7e-m+fp/hard/libm.a(lib_a-k_rem_pio2.o)
 .debug_abbrev  0x0000000000001d04      0x258 /usr/lib/gcc/arm-none-eabi/9.2.1/../../../arm-none-eabi/lib/thumb/v7e-m+fp/hard/libm.a(lib_a-k_sin.o)
 .debug_abbrev  0x0000000000001f5c      0x23d /usr/lib/gcc/arm-none-eabi/9.2.1/../../../arm-none-eabi/lib/thumb/v7e-m+fp/hard/libm.a(lib_a-s_fabs.o)
 .debug_abbrev  0x0000000000002199      0x264 /usr/lib/gcc/arm-none-eabi/9.2.1/../../../arm-none-eabi/lib/thumb/v7e-m+fp/hard/libm.a(lib_a-s_floor.o)
 .debug_abbrev  0x00000000000023fd      0x27c /usr/lib/gcc/arm-none-eabi/9.2.1/../../../arm-none-eabi/lib/thumb/v7e-m+fp/hard/libm.a(lib_a-s_scalbn.o)
 .debug_abbrev  0x0000000000002679      0x10c ../../../../../libopencm3//lib/libopencm3_stm32f4.a(fmc_common_f47.o)
 .debug_abbrev  0x0000000000002785      0x116 ../../../../../libopencm3//lib/libopencm3_stm32f4.a(gpio_common_all.o)
 .debug_abbrev  0x000000000000289b       0xbf ../../../../../libopencm3//lib/libopencm3_stm32f4.a(gpio_common_f0234.o)
 .debug_abbrev  0x000000000000295a      0x1da ../../../../../libopencm3//lib/libopencm3_stm32f4.a(rcc_common_all.o)
 .debug_abbrev  0x0000000000002b34      0x2d1 ../../../../../libopencm3//lib/libopencm3_stm32f4.a(rcc.o)
 .debug_abbrev  0x0000000000002e05      0x244 ../../../../../libopencm3//lib/libopencm3_stm32f4.a(spi_common_all.o)
 .debug_abbrev  0x0000000000003049      0x13e ../../../../../libopencm3//lib/libopencm3_stm32f4.a(spi_common_v1.o)
 .debug_abbrev  0x0000000000003187      0x182 ../../../../../libopencm3//lib/libopencm3_stm32f4.a(usart_common_all.o)
 .debug_abbrev  0x0000000000003309      0x15b ../../../../../libopencm3//lib/libopencm3_stm32f4.a(vector.o)
 .debug_abbrev  0x0000000000003464      0x155 ../../../../../libopencm3//lib/libopencm3_stm32f4.a(systick.o)
 .debug_abbrev  0x00000000000035b9      0x1f2 ../../../../../libopencm3//lib/libopencm3_stm32f4.a(scb.o)
 .debug_abbrev  0x00000000000037ab       0xb5 ../../../../../libopencm3//lib/libopencm3_stm32f4.a(nvic.o)
 .debug_abbrev  0x0000000000003860       0x9a ../../../../../libopencm3//lib/libopencm3_stm32f4.a(flash_common_all.o)
 .debug_abbrev  0x00000000000038fa       0x56 ../../../../../libopencm3//lib/libopencm3_stm32f4.a(flash_common_idcache.o)
 .debug_abbrev  0x0000000000003950       0x9c ../../../../../libopencm3//lib/libopencm3_stm32f4.a(pwr.o)
 .debug_abbrev  0x00000000000039ec       0x14 /usr/lib/gcc/arm-none-eabi/9.2.1/thumb/v7e-m+fp/hard/libgcc.a(_arm_addsubdf3.o)
 .debug_abbrev  0x0000000000003a00       0x14 /usr/lib/gcc/arm-none-eabi/9.2.1/thumb/v7e-m+fp/hard/libgcc.a(_arm_muldivdf3.o)
 .debug_abbrev  0x0000000000003a14       0x14 /usr/lib/gcc/arm-none-eabi/9.2.1/thumb/v7e-m+fp/hard/libgcc.a(_arm_cmpdf2.o)
 .debug_abbrev  0x0000000000003a28       0x14 /usr/lib/gcc/arm-none-eabi/9.2.1/thumb/v7e-m+fp/hard/libgcc.a(_arm_fixdfsi.o)

.debug_loc      0x0000000000000000     0x58bb
 .debug_loc     0x0000000000000000       0xde sdram.o
 .debug_loc     0x00000000000000de       0x3a clock.o
 .debug_loc     0x0000000000000118      0x1f3 console.o
 .debug_loc     0x000000000000030b      0x43f lcd-spi.o
 .debug_loc     0x000000000000074a     0x1692 gfx.o
 .debug_loc     0x0000000000001ddc       0xbf lcd-serial.o
 .debug_loc     0x0000000000001e9b       0xf0 /usr/lib/gcc/arm-none-eabi/9.2.1/../../../arm-none-eabi/lib/thumb/v7e-m+fp/hard/libm.a(lib_a-s_cos.o)
 .debug_loc     0x0000000000001f8b      0x104 /usr/lib/gcc/arm-none-eabi/9.2.1/../../../arm-none-eabi/lib/thumb/v7e-m+fp/hard/libm.a(lib_a-s_sin.o)
 .debug_loc     0x000000000000208f      0x616 /usr/lib/gcc/arm-none-eabi/9.2.1/../../../arm-none-eabi/lib/thumb/v7e-m+fp/hard/libm.a(lib_a-e_rem_pio2.o)
 .debug_loc     0x00000000000026a5      0x28a /usr/lib/gcc/arm-none-eabi/9.2.1/../../../arm-none-eabi/lib/thumb/v7e-m+fp/hard/libm.a(lib_a-k_cos.o)
 .debug_loc     0x000000000000292f      0xd1f /usr/lib/gcc/arm-none-eabi/9.2.1/../../../arm-none-eabi/lib/thumb/v7e-m+fp/hard/libm.a(lib_a-k_rem_pio2.o)
 .debug_loc     0x000000000000364e      0x215 /usr/lib/gcc/arm-none-eabi/9.2.1/../../../arm-none-eabi/lib/thumb/v7e-m+fp/hard/libm.a(lib_a-k_sin.o)
 .debug_loc     0x0000000000003863       0x48 /usr/lib/gcc/arm-none-eabi/9.2.1/../../../arm-none-eabi/lib/thumb/v7e-m+fp/hard/libm.a(lib_a-s_fabs.o)
 .debug_loc     0x00000000000038ab      0x22c /usr/lib/gcc/arm-none-eabi/9.2.1/../../../arm-none-eabi/lib/thumb/v7e-m+fp/hard/libm.a(lib_a-s_floor.o)
 .debug_loc     0x0000000000003ad7      0x233 /usr/lib/gcc/arm-none-eabi/9.2.1/../../../arm-none-eabi/lib/thumb/v7e-m+fp/hard/libm.a(lib_a-s_scalbn.o)
 .debug_loc     0x0000000000003d0a      0x590 ../../../../../libopencm3//lib/libopencm3_stm32f4.a(fmc_common_f47.o)
 .debug_loc     0x000000000000429a       0xbe ../../../../../libopencm3//lib/libopencm3_stm32f4.a(gpio_common_all.o)
 .debug_loc     0x0000000000004358      0x14d ../../../../../libopencm3//lib/libopencm3_stm32f4.a(gpio_common_f0234.o)
 .debug_loc     0x00000000000044a5      0x120 ../../../../../libopencm3//lib/libopencm3_stm32f4.a(rcc_common_all.o)
 .debug_loc     0x00000000000045c5      0x8c7 ../../../../../libopencm3//lib/libopencm3_stm32f4.a(rcc.o)
 .debug_loc     0x0000000000004e8c      0x226 ../../../../../libopencm3//lib/libopencm3_stm32f4.a(spi_common_all.o)
 .debug_loc     0x00000000000050b2      0x149 ../../../../../libopencm3//lib/libopencm3_stm32f4.a(spi_common_v1.o)
 .debug_loc     0x00000000000051fb      0x206 ../../../../../libopencm3//lib/libopencm3_stm32f4.a(usart_common_all.o)
 .debug_loc     0x0000000000005401      0x128 ../../../../../libopencm3//lib/libopencm3_stm32f4.a(vector.o)
 .debug_loc     0x0000000000005529      0x192 ../../../../../libopencm3//lib/libopencm3_stm32f4.a(systick.o)
 .debug_loc     0x00000000000056bb       0x25 ../../../../../libopencm3//lib/libopencm3_stm32f4.a(scb.o)
 .debug_loc     0x00000000000056e0      0x14d ../../../../../libopencm3//lib/libopencm3_stm32f4.a(nvic.o)
 .debug_loc     0x000000000000582d       0x47 ../../../../../libopencm3//lib/libopencm3_stm32f4.a(flash_common_all.o)
 .debug_loc     0x0000000000005874       0x47 ../../../../../libopencm3//lib/libopencm3_stm32f4.a(pwr.o)

.debug_aranges  0x0000000000000000      0xa08
 .debug_aranges
                0x0000000000000000       0x20 sdram.o
 .debug_aranges
                0x0000000000000020       0x38 clock.o
 .debug_aranges
                0x0000000000000058       0x48 console.o
 .debug_aranges
                0x00000000000000a0       0x40 lcd-spi.o
 .debug_aranges
                0x00000000000000e0       0xf8 gfx.o
 .debug_aranges
                0x00000000000001d8       0x20 lcd-serial.o
 .debug_aranges
                0x00000000000001f8       0x20 /usr/lib/gcc/arm-none-eabi/9.2.1/../../../arm-none-eabi/lib/thumb/v7e-m+fp/hard/libm.a(lib_a-s_cos.o)
 .debug_aranges
                0x0000000000000218       0x20 /usr/lib/gcc/arm-none-eabi/9.2.1/../../../arm-none-eabi/lib/thumb/v7e-m+fp/hard/libm.a(lib_a-s_sin.o)
 .debug_aranges
                0x0000000000000238       0x20 /usr/lib/gcc/arm-none-eabi/9.2.1/../../../arm-none-eabi/lib/thumb/v7e-m+fp/hard/libm.a(lib_a-e_rem_pio2.o)
 .debug_aranges
                0x0000000000000258       0x20 /usr/lib/gcc/arm-none-eabi/9.2.1/../../../arm-none-eabi/lib/thumb/v7e-m+fp/hard/libm.a(lib_a-k_cos.o)
 .debug_aranges
                0x0000000000000278       0x20 /usr/lib/gcc/arm-none-eabi/9.2.1/../../../arm-none-eabi/lib/thumb/v7e-m+fp/hard/libm.a(lib_a-k_rem_pio2.o)
 .debug_aranges
                0x0000000000000298       0x20 /usr/lib/gcc/arm-none-eabi/9.2.1/../../../arm-none-eabi/lib/thumb/v7e-m+fp/hard/libm.a(lib_a-k_sin.o)
 .debug_aranges
                0x00000000000002b8       0x20 /usr/lib/gcc/arm-none-eabi/9.2.1/../../../arm-none-eabi/lib/thumb/v7e-m+fp/hard/libm.a(lib_a-s_fabs.o)
 .debug_aranges
                0x00000000000002d8       0x20 /usr/lib/gcc/arm-none-eabi/9.2.1/../../../arm-none-eabi/lib/thumb/v7e-m+fp/hard/libm.a(lib_a-s_floor.o)
 .debug_aranges
                0x00000000000002f8       0x20 /usr/lib/gcc/arm-none-eabi/9.2.1/../../../arm-none-eabi/lib/thumb/v7e-m+fp/hard/libm.a(lib_a-s_scalbn.o)
 .debug_aranges
                0x0000000000000318       0x28 ../../../../../libopencm3//lib/libopencm3_stm32f4.a(fmc_common_f47.o)
 .debug_aranges
                0x0000000000000340       0x50 ../../../../../libopencm3//lib/libopencm3_stm32f4.a(gpio_common_all.o)
 .debug_aranges
                0x0000000000000390       0x30 ../../../../../libopencm3//lib/libopencm3_stm32f4.a(gpio_common_f0234.o)
 .debug_aranges
                0x00000000000003c0       0x60 ../../../../../libopencm3//lib/libopencm3_stm32f4.a(rcc_common_all.o)
 .debug_aranges
                0x0000000000000420      0x110 ../../../../../libopencm3//lib/libopencm3_stm32f4.a(rcc.o)
 .debug_aranges
                0x0000000000000530      0x178 ../../../../../libopencm3//lib/libopencm3_stm32f4.a(spi_common_all.o)
 .debug_aranges
                0x00000000000006a8       0x30 ../../../../../libopencm3//lib/libopencm3_stm32f4.a(spi_common_v1.o)
 .debug_aranges
                0x00000000000006d8       0xd8 ../../../../../libopencm3//lib/libopencm3_stm32f4.a(usart_common_all.o)
 .debug_aranges
                0x00000000000007b0       0x30 ../../../../../libopencm3//lib/libopencm3_stm32f4.a(vector.o)
 .debug_aranges
                0x00000000000007e0       0x78 ../../../../../libopencm3//lib/libopencm3_stm32f4.a(systick.o)
 .debug_aranges
                0x0000000000000858       0x30 ../../../../../libopencm3//lib/libopencm3_stm32f4.a(scb.o)
 .debug_aranges
                0x0000000000000888       0x60 ../../../../../libopencm3//lib/libopencm3_stm32f4.a(nvic.o)
 .debug_aranges
                0x00000000000008e8       0x38 ../../../../../libopencm3//lib/libopencm3_stm32f4.a(flash_common_all.o)
 .debug_aranges
                0x0000000000000920       0x48 ../../../../../libopencm3//lib/libopencm3_stm32f4.a(flash_common_idcache.o)
 .debug_aranges
                0x0000000000000968       0x20 ../../../../../libopencm3//lib/libopencm3_stm32f4.a(pwr.o)
 .debug_aranges
                0x0000000000000988       0x20 /usr/lib/gcc/arm-none-eabi/9.2.1/thumb/v7e-m+fp/hard/libgcc.a(_arm_addsubdf3.o)
 .debug_aranges
                0x00000000000009a8       0x20 /usr/lib/gcc/arm-none-eabi/9.2.1/thumb/v7e-m+fp/hard/libgcc.a(_arm_muldivdf3.o)
 .debug_aranges
                0x00000000000009c8       0x20 /usr/lib/gcc/arm-none-eabi/9.2.1/thumb/v7e-m+fp/hard/libgcc.a(_arm_cmpdf2.o)
 .debug_aranges
                0x00000000000009e8       0x20 /usr/lib/gcc/arm-none-eabi/9.2.1/thumb/v7e-m+fp/hard/libgcc.a(_arm_fixdfsi.o)

.debug_ranges   0x0000000000000000      0x918
 .debug_ranges  0x0000000000000000       0x10 sdram.o
 .debug_ranges  0x0000000000000010       0x28 clock.o
 .debug_ranges  0x0000000000000038       0x38 console.o
 .debug_ranges  0x0000000000000070       0xb0 lcd-spi.o
 .debug_ranges  0x0000000000000120      0x130 gfx.o
 .debug_ranges  0x0000000000000250       0x10 lcd-serial.o
 .debug_ranges  0x0000000000000260       0x40 /usr/lib/gcc/arm-none-eabi/9.2.1/../../../arm-none-eabi/lib/thumb/v7e-m+fp/hard/libm.a(lib_a-e_rem_pio2.o)
 .debug_ranges  0x00000000000002a0       0x18 /usr/lib/gcc/arm-none-eabi/9.2.1/../../../arm-none-eabi/lib/thumb/v7e-m+fp/hard/libm.a(lib_a-s_floor.o)
 .debug_ranges  0x00000000000002b8       0x50 /usr/lib/gcc/arm-none-eabi/9.2.1/../../../arm-none-eabi/lib/thumb/v7e-m+fp/hard/libm.a(lib_a-s_scalbn.o)
 .debug_ranges  0x0000000000000308       0x18 ../../../../../libopencm3//lib/libopencm3_stm32f4.a(fmc_common_f47.o)
 .debug_ranges  0x0000000000000320       0x40 ../../../../../libopencm3//lib/libopencm3_stm32f4.a(gpio_common_all.o)
 .debug_ranges  0x0000000000000360       0x20 ../../../../../libopencm3//lib/libopencm3_stm32f4.a(gpio_common_f0234.o)
 .debug_ranges  0x0000000000000380       0x50 ../../../../../libopencm3//lib/libopencm3_stm32f4.a(rcc_common_all.o)
 .debug_ranges  0x00000000000003d0      0x178 ../../../../../libopencm3//lib/libopencm3_stm32f4.a(rcc.o)
 .debug_ranges  0x0000000000000548      0x168 ../../../../../libopencm3//lib/libopencm3_stm32f4.a(spi_common_all.o)
 .debug_ranges  0x00000000000006b0       0x20 ../../../../../libopencm3//lib/libopencm3_stm32f4.a(spi_common_v1.o)
 .debug_ranges  0x00000000000006d0       0xc8 ../../../../../libopencm3//lib/libopencm3_stm32f4.a(usart_common_all.o)
 .debug_ranges  0x0000000000000798       0x20 ../../../../../libopencm3//lib/libopencm3_stm32f4.a(vector.o)
 .debug_ranges  0x00000000000007b8       0x80 ../../../../../libopencm3//lib/libopencm3_stm32f4.a(systick.o)
 .debug_ranges  0x0000000000000838       0x20 ../../../../../libopencm3//lib/libopencm3_stm32f4.a(scb.o)
 .debug_ranges  0x0000000000000858       0x50 ../../../../../libopencm3//lib/libopencm3_stm32f4.a(nvic.o)
 .debug_ranges  0x00000000000008a8       0x28 ../../../../../libopencm3//lib/libopencm3_stm32f4.a(flash_common_all.o)
 .debug_ranges  0x00000000000008d0       0x38 ../../../../../libopencm3//lib/libopencm3_stm32f4.a(flash_common_idcache.o)
 .debug_ranges  0x0000000000000908       0x10 ../../../../../libopencm3//lib/libopencm3_stm32f4.a(pwr.o)

.debug_macro    0x0000000000000000     0x5bfe
 .debug_macro   0x0000000000000000       0xf7 sdram.o
 .debug_macro   0x00000000000000f7      0xa9c sdram.o
 .debug_macro   0x0000000000000b93      0x34e sdram.o
 .debug_macro   0x0000000000000ee1       0x1c sdram.o
 .debug_macro   0x0000000000000efd       0x22 sdram.o
 .debug_macro   0x0000000000000f1f       0xe8 sdram.o
 .debug_macro   0x0000000000001007       0x76 sdram.o
 .debug_macro   0x000000000000107d      0x280 sdram.o
 .debug_macro   0x00000000000012fd       0x76 sdram.o
 .debug_macro   0x0000000000001373      0x37e sdram.o
 .debug_macro   0x00000000000016f1       0xca sdram.o
 .debug_macro   0x00000000000017bb       0x8e sdram.o
 .debug_macro   0x0000000000001849       0x28 sdram.o
 .debug_macro   0x0000000000001871      0xcea sdram.o
 .debug_macro   0x000000000000255b      0x285 sdram.o
 .debug_macro   0x00000000000027e0      0x2b3 sdram.o
 .debug_macro   0x0000000000002a93       0x16 sdram.o
 .debug_macro   0x0000000000002aa9       0xc1 clock.o
 .debug_macro   0x0000000000002b6a       0x6e clock.o
 .debug_macro   0x0000000000002bd8      0x22c clock.o
 .debug_macro   0x0000000000002e04       0x6f clock.o
 .debug_macro   0x0000000000002e73      0x1b6 console.o
 .debug_macro   0x0000000000003029       0x22 console.o
 .debug_macro   0x000000000000304b       0x52 console.o
 .debug_macro   0x000000000000309d       0x18 console.o
 .debug_macro   0x00000000000030b5       0x5c console.o
 .debug_macro   0x0000000000003111       0x35 console.o
 .debug_macro   0x0000000000003146       0x34 console.o
 .debug_macro   0x000000000000317a       0x94 console.o
 .debug_macro   0x000000000000320e      0x29e console.o
 .debug_macro   0x00000000000034ac       0xa0 console.o
 .debug_macro   0x000000000000354c       0x70 console.o
 .debug_macro   0x00000000000035bc      0x458 console.o
 .debug_macro   0x0000000000003a14       0x1f console.o
 .debug_macro   0x0000000000003a33       0x16 console.o
 .debug_macro   0x0000000000003a49      0x131 lcd-spi.o
 .debug_macro   0x0000000000003b7a      0x2eb lcd-spi.o
 .debug_macro   0x0000000000003e65       0x16 lcd-spi.o
 .debug_macro   0x0000000000003e7b       0x22 lcd-spi.o
 .debug_macro   0x0000000000003e9d       0x76 lcd-spi.o
 .debug_macro   0x0000000000003f13      0x125 gfx.o
 .debug_macro   0x0000000000004038      0x16d gfx.o
 .debug_macro   0x00000000000041a5       0x16 gfx.o
 .debug_macro   0x00000000000041bb       0x43 gfx.o
 .debug_macro   0x00000000000041fe       0x57 gfx.o
 .debug_macro   0x0000000000004255       0x34 gfx.o
 .debug_macro   0x0000000000004289       0x10 gfx.o
 .debug_macro   0x0000000000004299       0x52 gfx.o
 .debug_macro   0x00000000000042eb      0x182 gfx.o
 .debug_macro   0x000000000000446d      0x35c gfx.o
 .debug_macro   0x00000000000047c9       0xde gfx.o
 .debug_macro   0x00000000000048a7       0x16 gfx.o
 .debug_macro   0x00000000000048bd       0x35 gfx.o
 .debug_macro   0x00000000000048f2       0x22 gfx.o
 .debug_macro   0x0000000000004914       0x58 gfx.o
 .debug_macro   0x000000000000496c       0x16 gfx.o
 .debug_macro   0x0000000000004982      0x110 lcd-serial.o
 .debug_macro   0x0000000000004a92       0x10 lcd-serial.o
 .debug_macro   0x0000000000004aa2       0x75 ../../../../../libopencm3//lib/libopencm3_stm32f4.a(fmc_common_f47.o)
 .debug_macro   0x0000000000004b17       0x88 ../../../../../libopencm3//lib/libopencm3_stm32f4.a(gpio_common_all.o)
 .debug_macro   0x0000000000004b9f       0x88 ../../../../../libopencm3//lib/libopencm3_stm32f4.a(gpio_common_f0234.o)
 .debug_macro   0x0000000000004c27       0xa7 ../../../../../libopencm3//lib/libopencm3_stm32f4.a(rcc_common_all.o)
 .debug_macro   0x0000000000004cce       0xdb ../../../../../libopencm3//lib/libopencm3_stm32f4.a(rcc.o)
 .debug_macro   0x0000000000004da9       0x16 ../../../../../libopencm3//lib/libopencm3_stm32f4.a(rcc.o)
 .debug_macro   0x0000000000004dbf       0x1c ../../../../../libopencm3//lib/libopencm3_stm32f4.a(rcc.o)
 .debug_macro   0x0000000000004ddb      0x143 ../../../../../libopencm3//lib/libopencm3_stm32f4.a(rcc.o)
 .debug_macro   0x0000000000004f1e       0x10 ../../../../../libopencm3//lib/libopencm3_stm32f4.a(rcc.o)
 .debug_macro   0x0000000000004f2e       0xb6 ../../../../../libopencm3//lib/libopencm3_stm32f4.a(spi_common_all.o)
 .debug_macro   0x0000000000004fe4       0xb6 ../../../../../libopencm3//lib/libopencm3_stm32f4.a(spi_common_v1.o)
 .debug_macro   0x000000000000509a       0xc2 ../../../../../libopencm3//lib/libopencm3_stm32f4.a(usart_common_all.o)
 .debug_macro   0x000000000000515c       0x8a ../../../../../libopencm3//lib/libopencm3_stm32f4.a(vector.o)
 .debug_macro   0x00000000000051e6      0x452 ../../../../../libopencm3//lib/libopencm3_stm32f4.a(vector.o)
 .debug_macro   0x0000000000005638       0x49 ../../../../../libopencm3//lib/libopencm3_stm32f4.a(systick.o)
 .debug_macro   0x0000000000005681       0x69 ../../../../../libopencm3//lib/libopencm3_stm32f4.a(systick.o)
 .debug_macro   0x00000000000056ea      0x123 ../../../../../libopencm3//lib/libopencm3_stm32f4.a(scb.o)
 .debug_macro   0x000000000000580d      0x10e ../../../../../libopencm3//lib/libopencm3_stm32f4.a(scb.o)
 .debug_macro   0x000000000000591b       0x86 ../../../../../libopencm3//lib/libopencm3_stm32f4.a(scb.o)
 .debug_macro   0x00000000000059a1       0x6a ../../../../../libopencm3//lib/libopencm3_stm32f4.a(nvic.o)
 .debug_macro   0x0000000000005a0b       0x68 ../../../../../libopencm3//lib/libopencm3_stm32f4.a(nvic.o)
 .debug_macro   0x0000000000005a73       0x8e ../../../../../libopencm3//lib/libopencm3_stm32f4.a(flash_common_all.o)
 .debug_macro   0x0000000000005b01       0x8e ../../../../../libopencm3//lib/libopencm3_stm32f4.a(flash_common_idcache.o)
 .debug_macro   0x0000000000005b8f       0x6f ../../../../../libopencm3//lib/libopencm3_stm32f4.a(pwr.o)

.debug_line     0x0000000000000000     0x7ed4
 .debug_line    0x0000000000000000      0x31c sdram.o
 .debug_line    0x000000000000031c      0x2cf clock.o
 .debug_line    0x00000000000005eb      0x622 console.o
 .debug_line    0x0000000000000c0d      0x5da lcd-spi.o
 .debug_line    0x00000000000011e7      0xd73 gfx.o
 .debug_line    0x0000000000001f5a      0x38a lcd-serial.o
 .debug_line    0x00000000000022e4      0x270 /usr/lib/gcc/arm-none-eabi/9.2.1/../../../arm-none-eabi/lib/thumb/v7e-m+fp/hard/libm.a(lib_a-s_cos.o)
 .debug_line    0x0000000000002554      0x274 /usr/lib/gcc/arm-none-eabi/9.2.1/../../../arm-none-eabi/lib/thumb/v7e-m+fp/hard/libm.a(lib_a-s_sin.o)
 .debug_line    0x00000000000027c8      0x59d /usr/lib/gcc/arm-none-eabi/9.2.1/../../../arm-none-eabi/lib/thumb/v7e-m+fp/hard/libm.a(lib_a-e_rem_pio2.o)
 .debug_line    0x0000000000002d65      0x2f2 /usr/lib/gcc/arm-none-eabi/9.2.1/../../../arm-none-eabi/lib/thumb/v7e-m+fp/hard/libm.a(lib_a-k_cos.o)
 .debug_line    0x0000000000003057      0xa0b /usr/lib/gcc/arm-none-eabi/9.2.1/../../../arm-none-eabi/lib/thumb/v7e-m+fp/hard/libm.a(lib_a-k_rem_pio2.o)
 .debug_line    0x0000000000003a62      0x2a3 /usr/lib/gcc/arm-none-eabi/9.2.1/../../../arm-none-eabi/lib/thumb/v7e-m+fp/hard/libm.a(lib_a-k_sin.o)
 .debug_line    0x0000000000003d05      0x1e2 /usr/lib/gcc/arm-none-eabi/9.2.1/../../../arm-none-eabi/lib/thumb/v7e-m+fp/hard/libm.a(lib_a-s_fabs.o)
 .debug_line    0x0000000000003ee7      0x34f /usr/lib/gcc/arm-none-eabi/9.2.1/../../../arm-none-eabi/lib/thumb/v7e-m+fp/hard/libm.a(lib_a-s_floor.o)
 .debug_line    0x0000000000004236      0x2b9 /usr/lib/gcc/arm-none-eabi/9.2.1/../../../arm-none-eabi/lib/thumb/v7e-m+fp/hard/libm.a(lib_a-s_scalbn.o)
 .debug_line    0x00000000000044ef      0x276 ../../../../../libopencm3//lib/libopencm3_stm32f4.a(fmc_common_f47.o)
 .debug_line    0x0000000000004765      0x2a5 ../../../../../libopencm3//lib/libopencm3_stm32f4.a(gpio_common_all.o)
 .debug_line    0x0000000000004a0a      0x374 ../../../../../libopencm3//lib/libopencm3_stm32f4.a(gpio_common_f0234.o)
 .debug_line    0x0000000000004d7e      0x30c ../../../../../libopencm3//lib/libopencm3_stm32f4.a(rcc_common_all.o)
 .debug_line    0x000000000000508a      0x9d5 ../../../../../libopencm3//lib/libopencm3_stm32f4.a(rcc.o)
 .debug_line    0x0000000000005a5f      0x80f ../../../../../libopencm3//lib/libopencm3_stm32f4.a(spi_common_all.o)
 .debug_line    0x000000000000626e      0x26b ../../../../../libopencm3//lib/libopencm3_stm32f4.a(spi_common_v1.o)
 .debug_line    0x00000000000064d9      0x52b ../../../../../libopencm3//lib/libopencm3_stm32f4.a(usart_common_all.o)
 .debug_line    0x0000000000006a04      0x321 ../../../../../libopencm3//lib/libopencm3_stm32f4.a(vector.o)
 .debug_line    0x0000000000006d25      0x26e ../../../../../libopencm3//lib/libopencm3_stm32f4.a(systick.o)
 .debug_line    0x0000000000006f93      0x23e ../../../../../libopencm3//lib/libopencm3_stm32f4.a(scb.o)
 .debug_line    0x00000000000071d1      0x27e ../../../../../libopencm3//lib/libopencm3_stm32f4.a(nvic.o)
 .debug_line    0x000000000000744f      0x245 ../../../../../libopencm3//lib/libopencm3_stm32f4.a(flash_common_all.o)
 .debug_line    0x0000000000007694      0x25e ../../../../../libopencm3//lib/libopencm3_stm32f4.a(flash_common_idcache.o)
 .debug_line    0x00000000000078f2      0x18b ../../../../../libopencm3//lib/libopencm3_stm32f4.a(pwr.o)
 .debug_line    0x0000000000007a7d      0x186 /usr/lib/gcc/arm-none-eabi/9.2.1/thumb/v7e-m+fp/hard/libgcc.a(_arm_addsubdf3.o)
 .debug_line    0x0000000000007c03      0x19b /usr/lib/gcc/arm-none-eabi/9.2.1/thumb/v7e-m+fp/hard/libgcc.a(_arm_muldivdf3.o)
 .debug_line    0x0000000000007d9e       0xbd /usr/lib/gcc/arm-none-eabi/9.2.1/thumb/v7e-m+fp/hard/libgcc.a(_arm_cmpdf2.o)
 .debug_line    0x0000000000007e5b       0x79 /usr/lib/gcc/arm-none-eabi/9.2.1/thumb/v7e-m+fp/hard/libgcc.a(_arm_fixdfsi.o)

.debug_str      0x0000000000000000    0x1711d
 .debug_str     0x0000000000000000     0xbfd3 sdram.o
                                       0xc1b9 (size before relaxing)
 .debug_str     0x000000000000bfd3      0xcca clock.o
                                       0x9a21 (size before relaxing)
 .debug_str     0x000000000000cc9d     0x2fcb console.o
                                       0xe0cc (size before relaxing)
 .debug_str     0x000000000000fc68     0x1091 lcd-spi.o
                                       0xc23e (size before relaxing)
 .debug_str     0x0000000000010cf9     0x34dd gfx.o
                                       0x7361 (size before relaxing)
 .debug_str     0x00000000000141d6       0x2e lcd-serial.o
                                       0x72d2 (size before relaxing)
 .debug_str     0x0000000000014204      0x1bf /usr/lib/gcc/arm-none-eabi/9.2.1/../../../arm-none-eabi/lib/thumb/v7e-m+fp/hard/libm.a(lib_a-s_cos.o)
                                        0x646 (size before relaxing)
 .debug_str     0x00000000000143c3       0x31 /usr/lib/gcc/arm-none-eabi/9.2.1/../../../arm-none-eabi/lib/thumb/v7e-m+fp/hard/libm.a(lib_a-s_sin.o)
                                        0x646 (size before relaxing)
 .debug_str     0x00000000000143f4       0xb6 /usr/lib/gcc/arm-none-eabi/9.2.1/../../../arm-none-eabi/lib/thumb/v7e-m+fp/hard/libm.a(lib_a-e_rem_pio2.o)
                                        0x6b6 (size before relaxing)
 .debug_str     0x00000000000144aa       0x36 /usr/lib/gcc/arm-none-eabi/9.2.1/../../../arm-none-eabi/lib/thumb/v7e-m+fp/hard/libm.a(lib_a-k_cos.o)
                                        0x62b (size before relaxing)
 .debug_str     0x00000000000144e0       0x72 /usr/lib/gcc/arm-none-eabi/9.2.1/../../../arm-none-eabi/lib/thumb/v7e-m+fp/hard/libm.a(lib_a-k_rem_pio2.o)
                                        0x644 (size before relaxing)
 .debug_str     0x0000000000014552       0x31 /usr/lib/gcc/arm-none-eabi/9.2.1/../../../arm-none-eabi/lib/thumb/v7e-m+fp/hard/libm.a(lib_a-k_sin.o)
                                        0x62b (size before relaxing)
 .debug_str     0x0000000000014583       0x32 /usr/lib/gcc/arm-none-eabi/9.2.1/../../../arm-none-eabi/lib/thumb/v7e-m+fp/hard/libm.a(lib_a-s_fabs.o)
                                        0x61f (size before relaxing)
 .debug_str     0x00000000000145b5       0xa9 /usr/lib/gcc/arm-none-eabi/9.2.1/../../../arm-none-eabi/lib/thumb/v7e-m+fp/hard/libm.a(lib_a-s_floor.o)
                                        0x63c (size before relaxing)
 .debug_str     0x000000000001465e      0x143 /usr/lib/gcc/arm-none-eabi/9.2.1/../../../arm-none-eabi/lib/thumb/v7e-m+fp/hard/libm.a(lib_a-s_scalbn.o)
                                        0x655 (size before relaxing)
 .debug_str     0x00000000000147a1      0x182 ../../../../../libopencm3//lib/libopencm3_stm32f4.a(fmc_common_f47.o)
                                       0x68f6 (size before relaxing)
 .debug_str     0x0000000000014923       0x7b ../../../../../libopencm3//lib/libopencm3_stm32f4.a(gpio_common_all.o)
                                       0x62df (size before relaxing)
 .debug_str     0x000000000001499e       0x61 ../../../../../libopencm3//lib/libopencm3_stm32f4.a(gpio_common_f0234.o)
                                       0x62f7 (size before relaxing)
 .debug_str     0x00000000000149ff      0x475 ../../../../../libopencm3//lib/libopencm3_stm32f4.a(rcc_common_all.o)
                                       0x9760 (size before relaxing)
 .debug_str     0x0000000000014e74      0xad3 ../../../../../libopencm3//lib/libopencm3_stm32f4.a(rcc.o)
                                       0x9e77 (size before relaxing)
 .debug_str     0x0000000000015947      0x3fa ../../../../../libopencm3//lib/libopencm3_stm32f4.a(spi_common_all.o)
                                       0xa1e0 (size before relaxing)
 .debug_str     0x0000000000015d41       0x50 ../../../../../libopencm3//lib/libopencm3_stm32f4.a(spi_common_v1.o)
                                       0x9b61 (size before relaxing)
 .debug_str     0x0000000000015d91      0x1fe ../../../../../libopencm3//lib/libopencm3_stm32f4.a(usart_common_all.o)
                                       0xa1e6 (size before relaxing)
 .debug_str     0x0000000000015f8f      0xe72 ../../../../../libopencm3//lib/libopencm3_stm32f4.a(vector.o)
                                       0x6b9b (size before relaxing)
 .debug_str     0x0000000000016e01       0xbd ../../../../../libopencm3//lib/libopencm3_stm32f4.a(systick.o)
                                       0x41f8 (size before relaxing)
 .debug_str     0x0000000000016ebe       0x42 ../../../../../libopencm3//lib/libopencm3_stm32f4.a(scb.o)
                                       0x84e4 (size before relaxing)
 .debug_str     0x0000000000016f00       0xc4 ../../../../../libopencm3//lib/libopencm3_stm32f4.a(nvic.o)
                                       0x5e06 (size before relaxing)
 .debug_str     0x0000000000016fc4       0x64 ../../../../../libopencm3//lib/libopencm3_stm32f4.a(flash_common_all.o)
                                       0x5641 (size before relaxing)
 .debug_str     0x0000000000017028       0x47 ../../../../../libopencm3//lib/libopencm3_stm32f4.a(flash_common_idcache.o)
                                       0x5663 (size before relaxing)
 .debug_str     0x000000000001706f        0x6 ../../../../../libopencm3//lib/libopencm3_stm32f4.a(pwr.o)
                                       0x523f (size before relaxing)
 .debug_str     0x0000000000017075       0xa8 /usr/lib/gcc/arm-none-eabi/9.2.1/thumb/v7e-m+fp/hard/libgcc.a(_arm_addsubdf3.o)
 .debug_str     0x000000000001711d       0xa8 /usr/lib/gcc/arm-none-eabi/9.2.1/thumb/v7e-m+fp/hard/libgcc.a(_arm_muldivdf3.o)
 .debug_str     0x000000000001711d       0xa8 /usr/lib/gcc/arm-none-eabi/9.2.1/thumb/v7e-m+fp/hard/libgcc.a(_arm_cmpdf2.o)
 .debug_str     0x000000000001711d       0xa8 /usr/lib/gcc/arm-none-eabi/9.2.1/thumb/v7e-m+fp/hard/libgcc.a(_arm_fixdfsi.o)

.comment        0x0000000000000000       0xa7
 .comment       0x0000000000000000       0x59 sdram.o
                                         0x5a (size before relaxing)
 .comment       0x0000000000000059       0x5a clock.o
 .comment       0x0000000000000059       0x5a console.o
 .comment       0x0000000000000059       0x5a lcd-spi.o
 .comment       0x0000000000000059       0x5a gfx.o
 .comment       0x0000000000000059       0x5a lcd-serial.o
 .comment       0x0000000000000059       0x4e /usr/lib/gcc/arm-none-eabi/9.2.1/../../../arm-none-eabi/lib/thumb/v7e-m+fp/hard/libm.a(lib_a-s_cos.o)
                                         0x4f (size before relaxing)
 .comment       0x00000000000000a7       0x4f /usr/lib/gcc/arm-none-eabi/9.2.1/../../../arm-none-eabi/lib/thumb/v7e-m+fp/hard/libm.a(lib_a-s_sin.o)
 .comment       0x00000000000000a7       0x4f /usr/lib/gcc/arm-none-eabi/9.2.1/../../../arm-none-eabi/lib/thumb/v7e-m+fp/hard/libm.a(lib_a-e_rem_pio2.o)
 .comment       0x00000000000000a7       0x4f /usr/lib/gcc/arm-none-eabi/9.2.1/../../../arm-none-eabi/lib/thumb/v7e-m+fp/hard/libm.a(lib_a-k_cos.o)
 .comment       0x00000000000000a7       0x4f /usr/lib/gcc/arm-none-eabi/9.2.1/../../../arm-none-eabi/lib/thumb/v7e-m+fp/hard/libm.a(lib_a-k_rem_pio2.o)
 .comment       0x00000000000000a7       0x4f /usr/lib/gcc/arm-none-eabi/9.2.1/../../../arm-none-eabi/lib/thumb/v7e-m+fp/hard/libm.a(lib_a-k_sin.o)
 .comment       0x00000000000000a7       0x4f /usr/lib/gcc/arm-none-eabi/9.2.1/../../../arm-none-eabi/lib/thumb/v7e-m+fp/hard/libm.a(lib_a-s_fabs.o)
 .comment       0x00000000000000a7       0x4f /usr/lib/gcc/arm-none-eabi/9.2.1/../../../arm-none-eabi/lib/thumb/v7e-m+fp/hard/libm.a(lib_a-s_floor.o)
 .comment       0x00000000000000a7       0x4f /usr/lib/gcc/arm-none-eabi/9.2.1/../../../arm-none-eabi/lib/thumb/v7e-m+fp/hard/libm.a(lib_a-s_scalbn.o)
 .comment       0x00000000000000a7       0x5a ../../../../../libopencm3//lib/libopencm3_stm32f4.a(fmc_common_f47.o)
 .comment       0x00000000000000a7       0x5a ../../../../../libopencm3//lib/libopencm3_stm32f4.a(gpio_common_all.o)
 .comment       0x00000000000000a7       0x5a ../../../../../libopencm3//lib/libopencm3_stm32f4.a(gpio_common_f0234.o)
 .comment       0x00000000000000a7       0x5a ../../../../../libopencm3//lib/libopencm3_stm32f4.a(rcc_common_all.o)
 .comment       0x00000000000000a7       0x5a ../../../../../libopencm3//lib/libopencm3_stm32f4.a(rcc.o)
 .comment       0x00000000000000a7       0x5a ../../../../../libopencm3//lib/libopencm3_stm32f4.a(spi_common_all.o)
 .comment       0x00000000000000a7       0x5a ../../../../../libopencm3//lib/libopencm3_stm32f4.a(spi_common_v1.o)
 .comment       0x00000000000000a7       0x5a ../../../../../libopencm3//lib/libopencm3_stm32f4.a(usart_common_all.o)
 .comment       0x00000000000000a7       0x5a ../../../../../libopencm3//lib/libopencm3_stm32f4.a(vector.o)
 .comment       0x00000000000000a7       0x5a ../../../../../libopencm3//lib/libopencm3_stm32f4.a(systick.o)
 .comment       0x00000000000000a7       0x5a ../../../../../libopencm3//lib/libopencm3_stm32f4.a(scb.o)
 .comment       0x00000000000000a7       0x5a ../../../../../libopencm3//lib/libopencm3_stm32f4.a(nvic.o)
 .comment       0x00000000000000a7       0x5a ../../../../../libopencm3//lib/libopencm3_stm32f4.a(flash_common_all.o)
 .comment       0x00000000000000a7       0x5a ../../../../../libopencm3//lib/libopencm3_stm32f4.a(flash_common_idcache.o)
 .comment       0x00000000000000a7       0x5a ../../../../../libopencm3//lib/libopencm3_stm32f4.a(pwr.o)

.ARM.attributes
                0x0000000000000000       0x34
 .ARM.attributes
                0x0000000000000000       0x34 sdram.o
 .ARM.attributes
                0x0000000000000034       0x34 clock.o
 .ARM.attributes
                0x0000000000000068       0x34 console.o
 .ARM.attributes
                0x000000000000009c       0x34 lcd-spi.o
 .ARM.attributes
                0x00000000000000d0       0x34 gfx.o
 .ARM.attributes
                0x0000000000000104       0x34 lcd-serial.o
 .ARM.attributes
                0x0000000000000138       0x34 /usr/lib/gcc/arm-none-eabi/9.2.1/../../../arm-none-eabi/lib/thumb/v7e-m+fp/hard/libm.a(lib_a-s_cos.o)
 .ARM.attributes
                0x000000000000016c       0x34 /usr/lib/gcc/arm-none-eabi/9.2.1/../../../arm-none-eabi/lib/thumb/v7e-m+fp/hard/libm.a(lib_a-s_sin.o)
 .ARM.attributes
                0x00000000000001a0       0x34 /usr/lib/gcc/arm-none-eabi/9.2.1/../../../arm-none-eabi/lib/thumb/v7e-m+fp/hard/libm.a(lib_a-e_rem_pio2.o)
 .ARM.attributes
                0x00000000000001d4       0x34 /usr/lib/gcc/arm-none-eabi/9.2.1/../../../arm-none-eabi/lib/thumb/v7e-m+fp/hard/libm.a(lib_a-k_cos.o)
 .ARM.attributes
                0x0000000000000208       0x34 /usr/lib/gcc/arm-none-eabi/9.2.1/../../../arm-none-eabi/lib/thumb/v7e-m+fp/hard/libm.a(lib_a-k_rem_pio2.o)
 .ARM.attributes
                0x000000000000023c       0x34 /usr/lib/gcc/arm-none-eabi/9.2.1/../../../arm-none-eabi/lib/thumb/v7e-m+fp/hard/libm.a(lib_a-k_sin.o)
 .ARM.attributes
                0x0000000000000270       0x34 /usr/lib/gcc/arm-none-eabi/9.2.1/../../../arm-none-eabi/lib/thumb/v7e-m+fp/hard/libm.a(lib_a-s_fabs.o)
 .ARM.attributes
                0x00000000000002a4       0x34 /usr/lib/gcc/arm-none-eabi/9.2.1/../../../arm-none-eabi/lib/thumb/v7e-m+fp/hard/libm.a(lib_a-s_floor.o)
 .ARM.attributes
                0x00000000000002d8       0x34 /usr/lib/gcc/arm-none-eabi/9.2.1/../../../arm-none-eabi/lib/thumb/v7e-m+fp/hard/libm.a(lib_a-s_scalbn.o)
 .ARM.attributes
                0x000000000000030c       0x34 ../../../../../libopencm3//lib/libopencm3_stm32f4.a(fmc_common_f47.o)
 .ARM.attributes
                0x0000000000000340       0x34 ../../../../../libopencm3//lib/libopencm3_stm32f4.a(gpio_common_all.o)
 .ARM.attributes
                0x0000000000000374       0x34 ../../../../../libopencm3//lib/libopencm3_stm32f4.a(gpio_common_f0234.o)
 .ARM.attributes
                0x00000000000003a8       0x34 ../../../../../libopencm3//lib/libopencm3_stm32f4.a(rcc_common_all.o)
 .ARM.attributes
                0x00000000000003dc       0x34 ../../../../../libopencm3//lib/libopencm3_stm32f4.a(rcc.o)
 .ARM.attributes
                0x0000000000000410       0x34 ../../../../../libopencm3//lib/libopencm3_stm32f4.a(spi_common_all.o)
 .ARM.attributes
                0x0000000000000444       0x34 ../../../../../libopencm3//lib/libopencm3_stm32f4.a(spi_common_v1.o)
 .ARM.attributes
                0x0000000000000478       0x34 ../../../../../libopencm3//lib/libopencm3_stm32f4.a(usart_common_all.o)
 .ARM.attributes
                0x00000000000004ac       0x34 ../../../../../libopencm3//lib/libopencm3_stm32f4.a(vector.o)
 .ARM.attributes
                0x00000000000004e0       0x34 ../../../../../libopencm3//lib/libopencm3_stm32f4.a(systick.o)
 .ARM.attributes
                0x0000000000000514       0x34 ../../../../../libopencm3//lib/libopencm3_stm32f4.a(scb.o)
 .ARM.attributes
                0x0000000000000548       0x34 ../../../../../libopencm3//lib/libopencm3_stm32f4.a(nvic.o)
 .ARM.attributes
                0x000000000000057c       0x34 ../../../../../libopencm3//lib/libopencm3_stm32f4.a(flash_common_all.o)
 .ARM.attributes
                0x00000000000005b0       0x34 ../../../../../libopencm3//lib/libopencm3_stm32f4.a(flash_common_idcache.o)
 .ARM.attributes
                0x00000000000005e4       0x34 ../../../../../libopencm3//lib/libopencm3_stm32f4.a(pwr.o)
 .ARM.attributes
                0x0000000000000618       0x1e /usr/lib/gcc/arm-none-eabi/9.2.1/thumb/v7e-m+fp/hard/libgcc.a(_arm_addsubdf3.o)
 .ARM.attributes
                0x0000000000000636       0x1e /usr/lib/gcc/arm-none-eabi/9.2.1/thumb/v7e-m+fp/hard/libgcc.a(_arm_muldivdf3.o)
 .ARM.attributes
                0x0000000000000654       0x1e /usr/lib/gcc/arm-none-eabi/9.2.1/thumb/v7e-m+fp/hard/libgcc.a(_arm_cmpdf2.o)
 .ARM.attributes
                0x0000000000000672       0x1e /usr/lib/gcc/arm-none-eabi/9.2.1/thumb/v7e-m+fp/hard/libgcc.a(_arm_fixdfsi.o)

.debug_frame    0x0000000000000000     0x1628
 .debug_frame   0x0000000000000000       0x30 sdram.o
 .debug_frame   0x0000000000000030       0x5c clock.o
 .debug_frame   0x000000000000008c       0xb0 console.o
 .debug_frame   0x000000000000013c       0xc4 lcd-spi.o
 .debug_frame   0x0000000000000200      0x3a8 gfx.o
 .debug_frame   0x00000000000005a8       0x44 lcd-serial.o
 .debug_frame   0x00000000000005ec       0x3c /usr/lib/gcc/arm-none-eabi/9.2.1/../../../arm-none-eabi/lib/thumb/v7e-m+fp/hard/libm.a(lib_a-s_cos.o)
 .debug_frame   0x0000000000000628       0x3c /usr/lib/gcc/arm-none-eabi/9.2.1/../../../arm-none-eabi/lib/thumb/v7e-m+fp/hard/libm.a(lib_a-s_sin.o)
 .debug_frame   0x0000000000000664       0x4c /usr/lib/gcc/arm-none-eabi/9.2.1/../../../arm-none-eabi/lib/thumb/v7e-m+fp/hard/libm.a(lib_a-e_rem_pio2.o)
 .debug_frame   0x00000000000006b0       0x68 /usr/lib/gcc/arm-none-eabi/9.2.1/../../../arm-none-eabi/lib/thumb/v7e-m+fp/hard/libm.a(lib_a-k_cos.o)
 .debug_frame   0x0000000000000718       0x58 /usr/lib/gcc/arm-none-eabi/9.2.1/../../../arm-none-eabi/lib/thumb/v7e-m+fp/hard/libm.a(lib_a-k_rem_pio2.o)
 .debug_frame   0x0000000000000770       0x68 /usr/lib/gcc/arm-none-eabi/9.2.1/../../../arm-none-eabi/lib/thumb/v7e-m+fp/hard/libm.a(lib_a-k_sin.o)
 .debug_frame   0x00000000000007d8       0x20 /usr/lib/gcc/arm-none-eabi/9.2.1/../../../arm-none-eabi/lib/thumb/v7e-m+fp/hard/libm.a(lib_a-s_fabs.o)
 .debug_frame   0x00000000000007f8       0x30 /usr/lib/gcc/arm-none-eabi/9.2.1/../../../arm-none-eabi/lib/thumb/v7e-m+fp/hard/libm.a(lib_a-s_floor.o)
 .debug_frame   0x0000000000000828       0x2c /usr/lib/gcc/arm-none-eabi/9.2.1/../../../arm-none-eabi/lib/thumb/v7e-m+fp/hard/libm.a(lib_a-s_scalbn.o)
 .debug_frame   0x0000000000000854       0x38 ../../../../../libopencm3//lib/libopencm3_stm32f4.a(fmc_common_f47.o)
 .debug_frame   0x000000000000088c       0x80 ../../../../../libopencm3//lib/libopencm3_stm32f4.a(gpio_common_all.o)
 .debug_frame   0x000000000000090c       0x70 ../../../../../libopencm3//lib/libopencm3_stm32f4.a(gpio_common_f0234.o)
 .debug_frame   0x000000000000097c       0xe0 ../../../../../libopencm3//lib/libopencm3_stm32f4.a(rcc_common_all.o)
 .debug_frame   0x0000000000000a5c      0x234 ../../../../../libopencm3//lib/libopencm3_stm32f4.a(rcc.o)
 .debug_frame   0x0000000000000c90      0x2d0 ../../../../../libopencm3//lib/libopencm3_stm32f4.a(spi_common_all.o)
 .debug_frame   0x0000000000000f60       0x4c ../../../../../libopencm3//lib/libopencm3_stm32f4.a(spi_common_v1.o)
 .debug_frame   0x0000000000000fac      0x1b4 ../../../../../libopencm3//lib/libopencm3_stm32f4.a(usart_common_all.o)
 .debug_frame   0x0000000000001160       0x4c ../../../../../libopencm3//lib/libopencm3_stm32f4.a(vector.o)
 .debug_frame   0x00000000000011ac       0xd8 ../../../../../libopencm3//lib/libopencm3_stm32f4.a(systick.o)
 .debug_frame   0x0000000000001284       0x40 ../../../../../libopencm3//lib/libopencm3_stm32f4.a(scb.o)
 .debug_frame   0x00000000000012c4       0xa0 ../../../../../libopencm3//lib/libopencm3_stm32f4.a(nvic.o)
 .debug_frame   0x0000000000001364       0x50 ../../../../../libopencm3//lib/libopencm3_stm32f4.a(flash_common_all.o)
 .debug_frame   0x00000000000013b4       0x70 ../../../../../libopencm3//lib/libopencm3_stm32f4.a(flash_common_idcache.o)
 .debug_frame   0x0000000000001424       0x20 ../../../../../libopencm3//lib/libopencm3_stm32f4.a(pwr.o)
 .debug_frame   0x0000000000001444       0xac /usr/lib/gcc/arm-none-eabi/9.2.1/thumb/v7e-m+fp/hard/libgcc.a(_arm_addsubdf3.o)
 .debug_frame   0x00000000000014f0       0x50 /usr/lib/gcc/arm-none-eabi/9.2.1/thumb/v7e-m+fp/hard/libgcc.a(_arm_muldivdf3.o)
 .debug_frame   0x0000000000001540       0xc4 /usr/lib/gcc/arm-none-eabi/9.2.1/thumb/v7e-m+fp/hard/libgcc.a(_arm_cmpdf2.o)
 .debug_frame   0x0000000000001604       0x24 /usr/lib/gcc/arm-none-eabi/9.2.1/thumb/v7e-m+fp/hard/libgcc.a(_arm_fixdfsi.o)

Cross Reference Table

Symbol                                            File
__adddf3                                          /usr/lib/gcc/arm-none-eabi/9.2.1/thumb/v7e-m+fp/hard/libgcc.a(_arm_addsubdf3.o)
__aeabi_cdcmpeq                                   /usr/lib/gcc/arm-none-eabi/9.2.1/thumb/v7e-m+fp/hard/libgcc.a(_arm_cmpdf2.o)
__aeabi_cdcmple                                   /usr/lib/gcc/arm-none-eabi/9.2.1/thumb/v7e-m+fp/hard/libgcc.a(_arm_cmpdf2.o)
__aeabi_cdrcmple                                  /usr/lib/gcc/arm-none-eabi/9.2.1/thumb/v7e-m+fp/hard/libgcc.a(_arm_cmpdf2.o)
__aeabi_d2iz                                      /usr/lib/gcc/arm-none-eabi/9.2.1/thumb/v7e-m+fp/hard/libgcc.a(_arm_fixdfsi.o)
                                                  /usr/lib/gcc/arm-none-eabi/9.2.1/../../../arm-none-eabi/lib/thumb/v7e-m+fp/hard/libm.a(lib_a-k_sin.o)
                                                  /usr/lib/gcc/arm-none-eabi/9.2.1/../../../arm-none-eabi/lib/thumb/v7e-m+fp/hard/libm.a(lib_a-k_rem_pio2.o)
                                                  /usr/lib/gcc/arm-none-eabi/9.2.1/../../../arm-none-eabi/lib/thumb/v7e-m+fp/hard/libm.a(lib_a-k_cos.o)
                                                  /usr/lib/gcc/arm-none-eabi/9.2.1/../../../arm-none-eabi/lib/thumb/v7e-m+fp/hard/libm.a(lib_a-e_rem_pio2.o)
                                                  lcd-serial.o
__aeabi_dadd                                      /usr/lib/gcc/arm-none-eabi/9.2.1/thumb/v7e-m+fp/hard/libgcc.a(_arm_addsubdf3.o)
                                                  /usr/lib/gcc/arm-none-eabi/9.2.1/../../../arm-none-eabi/lib/thumb/v7e-m+fp/hard/libm.a(lib_a-s_scalbn.o)
                                                  /usr/lib/gcc/arm-none-eabi/9.2.1/../../../arm-none-eabi/lib/thumb/v7e-m+fp/hard/libm.a(lib_a-s_floor.o)
                                                  /usr/lib/gcc/arm-none-eabi/9.2.1/../../../arm-none-eabi/lib/thumb/v7e-m+fp/hard/libm.a(lib_a-k_sin.o)
                                                  /usr/lib/gcc/arm-none-eabi/9.2.1/../../../arm-none-eabi/lib/thumb/v7e-m+fp/hard/libm.a(lib_a-k_rem_pio2.o)
                                                  /usr/lib/gcc/arm-none-eabi/9.2.1/../../../arm-none-eabi/lib/thumb/v7e-m+fp/hard/libm.a(lib_a-k_cos.o)
                                                  /usr/lib/gcc/arm-none-eabi/9.2.1/../../../arm-none-eabi/lib/thumb/v7e-m+fp/hard/libm.a(lib_a-e_rem_pio2.o)
                                                  lcd-serial.o
__aeabi_dcmpeq                                    /usr/lib/gcc/arm-none-eabi/9.2.1/thumb/v7e-m+fp/hard/libgcc.a(_arm_cmpdf2.o)
                                                  /usr/lib/gcc/arm-none-eabi/9.2.1/../../../arm-none-eabi/lib/thumb/v7e-m+fp/hard/libm.a(lib_a-k_rem_pio2.o)
                                                  /usr/lib/gcc/arm-none-eabi/9.2.1/../../../arm-none-eabi/lib/thumb/v7e-m+fp/hard/libm.a(lib_a-e_rem_pio2.o)
__aeabi_dcmpge                                    /usr/lib/gcc/arm-none-eabi/9.2.1/thumb/v7e-m+fp/hard/libgcc.a(_arm_cmpdf2.o)
                                                  /usr/lib/gcc/arm-none-eabi/9.2.1/../../../arm-none-eabi/lib/thumb/v7e-m+fp/hard/libm.a(lib_a-k_rem_pio2.o)
__aeabi_dcmpgt                                    /usr/lib/gcc/arm-none-eabi/9.2.1/thumb/v7e-m+fp/hard/libgcc.a(_arm_cmpdf2.o)
                                                  /usr/lib/gcc/arm-none-eabi/9.2.1/../../../arm-none-eabi/lib/thumb/v7e-m+fp/hard/libm.a(lib_a-s_floor.o)
__aeabi_dcmple                                    /usr/lib/gcc/arm-none-eabi/9.2.1/thumb/v7e-m+fp/hard/libgcc.a(_arm_cmpdf2.o)
__aeabi_dcmplt                                    /usr/lib/gcc/arm-none-eabi/9.2.1/thumb/v7e-m+fp/hard/libgcc.a(_arm_cmpdf2.o)
__aeabi_ddiv                                      /usr/lib/gcc/arm-none-eabi/9.2.1/thumb/v7e-m+fp/hard/libgcc.a(_arm_muldivdf3.o)
                                                  lcd-serial.o
__aeabi_dmul                                      /usr/lib/gcc/arm-none-eabi/9.2.1/thumb/v7e-m+fp/hard/libgcc.a(_arm_muldivdf3.o)
                                                  /usr/lib/gcc/arm-none-eabi/9.2.1/thumb/v7e-m+fp/hard/libgcc.a(_arm_muldf3.o)
                                                  /usr/lib/gcc/arm-none-eabi/9.2.1/../../../arm-none-eabi/lib/thumb/v7e-m+fp/hard/libm.a(lib_a-s_scalbn.o)
                                                  /usr/lib/gcc/arm-none-eabi/9.2.1/../../../arm-none-eabi/lib/thumb/v7e-m+fp/hard/libm.a(lib_a-k_sin.o)
                                                  /usr/lib/gcc/arm-none-eabi/9.2.1/../../../arm-none-eabi/lib/thumb/v7e-m+fp/hard/libm.a(lib_a-k_rem_pio2.o)
                                                  /usr/lib/gcc/arm-none-eabi/9.2.1/../../../arm-none-eabi/lib/thumb/v7e-m+fp/hard/libm.a(lib_a-k_cos.o)
                                                  /usr/lib/gcc/arm-none-eabi/9.2.1/../../../arm-none-eabi/lib/thumb/v7e-m+fp/hard/libm.a(lib_a-e_rem_pio2.o)
                                                  lcd-serial.o
__aeabi_drsub                                     /usr/lib/gcc/arm-none-eabi/9.2.1/thumb/v7e-m+fp/hard/libgcc.a(_arm_addsubdf3.o)
__aeabi_dsub                                      /usr/lib/gcc/arm-none-eabi/9.2.1/thumb/v7e-m+fp/hard/libgcc.a(_arm_addsubdf3.o)
                                                  /usr/lib/gcc/arm-none-eabi/9.2.1/../../../arm-none-eabi/lib/thumb/v7e-m+fp/hard/libm.a(lib_a-k_sin.o)
                                                  /usr/lib/gcc/arm-none-eabi/9.2.1/../../../arm-none-eabi/lib/thumb/v7e-m+fp/hard/libm.a(lib_a-k_rem_pio2.o)
                                                  /usr/lib/gcc/arm-none-eabi/9.2.1/../../../arm-none-eabi/lib/thumb/v7e-m+fp/hard/libm.a(lib_a-k_cos.o)
                                                  /usr/lib/gcc/arm-none-eabi/9.2.1/../../../arm-none-eabi/lib/thumb/v7e-m+fp/hard/libm.a(lib_a-e_rem_pio2.o)
                                                  /usr/lib/gcc/arm-none-eabi/9.2.1/../../../arm-none-eabi/lib/thumb/v7e-m+fp/hard/libm.a(lib_a-s_sin.o)
                                                  /usr/lib/gcc/arm-none-eabi/9.2.1/../../../arm-none-eabi/lib/thumb/v7e-m+fp/hard/libm.a(lib_a-s_cos.o)
__aeabi_f2d                                       /usr/lib/gcc/arm-none-eabi/9.2.1/thumb/v7e-m+fp/hard/libgcc.a(_arm_addsubdf3.o)
__aeabi_i2d                                       /usr/lib/gcc/arm-none-eabi/9.2.1/thumb/v7e-m+fp/hard/libgcc.a(_arm_addsubdf3.o)
                                                  /usr/lib/gcc/arm-none-eabi/9.2.1/../../../arm-none-eabi/lib/thumb/v7e-m+fp/hard/libm.a(lib_a-k_rem_pio2.o)
                                                  /usr/lib/gcc/arm-none-eabi/9.2.1/../../../arm-none-eabi/lib/thumb/v7e-m+fp/hard/libm.a(lib_a-e_rem_pio2.o)
                                                  lcd-serial.o
__aeabi_l2d                                       /usr/lib/gcc/arm-none-eabi/9.2.1/thumb/v7e-m+fp/hard/libgcc.a(_arm_addsubdf3.o)
__aeabi_ui2d                                      /usr/lib/gcc/arm-none-eabi/9.2.1/thumb/v7e-m+fp/hard/libgcc.a(_arm_addsubdf3.o)
__aeabi_ul2d                                      /usr/lib/gcc/arm-none-eabi/9.2.1/thumb/v7e-m+fp/hard/libgcc.a(_arm_addsubdf3.o)
__cmpdf2                                          /usr/lib/gcc/arm-none-eabi/9.2.1/thumb/v7e-m+fp/hard/libgcc.a(_arm_cmpdf2.o)
__divdf3                                          /usr/lib/gcc/arm-none-eabi/9.2.1/thumb/v7e-m+fp/hard/libgcc.a(_arm_muldivdf3.o)
__eqdf2                                           /usr/lib/gcc/arm-none-eabi/9.2.1/thumb/v7e-m+fp/hard/libgcc.a(_arm_cmpdf2.o)
__extendsfdf2                                     /usr/lib/gcc/arm-none-eabi/9.2.1/thumb/v7e-m+fp/hard/libgcc.a(_arm_addsubdf3.o)
__fini_array_end                                  ../../../../../libopencm3//lib/libopencm3_stm32f4.a(vector.o)
__fini_array_start                                ../../../../../libopencm3//lib/libopencm3_stm32f4.a(vector.o)
__fixdfsi                                         /usr/lib/gcc/arm-none-eabi/9.2.1/thumb/v7e-m+fp/hard/libgcc.a(_arm_fixdfsi.o)
__floatdidf                                       /usr/lib/gcc/arm-none-eabi/9.2.1/thumb/v7e-m+fp/hard/libgcc.a(_arm_addsubdf3.o)
__floatsidf                                       /usr/lib/gcc/arm-none-eabi/9.2.1/thumb/v7e-m+fp/hard/libgcc.a(_arm_addsubdf3.o)
__floatundidf                                     /usr/lib/gcc/arm-none-eabi/9.2.1/thumb/v7e-m+fp/hard/libgcc.a(_arm_addsubdf3.o)
__floatunsidf                                     /usr/lib/gcc/arm-none-eabi/9.2.1/thumb/v7e-m+fp/hard/libgcc.a(_arm_addsubdf3.o)
__gedf2                                           /usr/lib/gcc/arm-none-eabi/9.2.1/thumb/v7e-m+fp/hard/libgcc.a(_arm_cmpdf2.o)
__gfx_state                                       gfx.o
__gtdf2                                           /usr/lib/gcc/arm-none-eabi/9.2.1/thumb/v7e-m+fp/hard/libgcc.a(_arm_cmpdf2.o)
__ieee754_rem_pio2                                /usr/lib/gcc/arm-none-eabi/9.2.1/../../../arm-none-eabi/lib/thumb/v7e-m+fp/hard/libm.a(lib_a-e_rem_pio2.o)
                                                  /usr/lib/gcc/arm-none-eabi/9.2.1/../../../arm-none-eabi/lib/thumb/v7e-m+fp/hard/libm.a(lib_a-s_sin.o)
                                                  /usr/lib/gcc/arm-none-eabi/9.2.1/../../../arm-none-eabi/lib/thumb/v7e-m+fp/hard/libm.a(lib_a-s_cos.o)
__init_array_end                                  ../../../../../libopencm3//lib/libopencm3_stm32f4.a(vector.o)
__init_array_start                                ../../../../../libopencm3//lib/libopencm3_stm32f4.a(vector.o)
__kernel_cos                                      /usr/lib/gcc/arm-none-eabi/9.2.1/../../../arm-none-eabi/lib/thumb/v7e-m+fp/hard/libm.a(lib_a-k_cos.o)
                                                  /usr/lib/gcc/arm-none-eabi/9.2.1/../../../arm-none-eabi/lib/thumb/v7e-m+fp/hard/libm.a(lib_a-s_sin.o)
                                                  /usr/lib/gcc/arm-none-eabi/9.2.1/../../../arm-none-eabi/lib/thumb/v7e-m+fp/hard/libm.a(lib_a-s_cos.o)
__kernel_rem_pio2                                 /usr/lib/gcc/arm-none-eabi/9.2.1/../../../arm-none-eabi/lib/thumb/v7e-m+fp/hard/libm.a(lib_a-k_rem_pio2.o)
                                                  /usr/lib/gcc/arm-none-eabi/9.2.1/../../../arm-none-eabi/lib/thumb/v7e-m+fp/hard/libm.a(lib_a-e_rem_pio2.o)
__kernel_sin                                      /usr/lib/gcc/arm-none-eabi/9.2.1/../../../arm-none-eabi/lib/thumb/v7e-m+fp/hard/libm.a(lib_a-k_sin.o)
                                                  /usr/lib/gcc/arm-none-eabi/9.2.1/../../../arm-none-eabi/lib/thumb/v7e-m+fp/hard/libm.a(lib_a-s_sin.o)
                                                  /usr/lib/gcc/arm-none-eabi/9.2.1/../../../arm-none-eabi/lib/thumb/v7e-m+fp/hard/libm.a(lib_a-s_cos.o)
__ledf2                                           /usr/lib/gcc/arm-none-eabi/9.2.1/thumb/v7e-m+fp/hard/libgcc.a(_arm_cmpdf2.o)
__ltdf2                                           /usr/lib/gcc/arm-none-eabi/9.2.1/thumb/v7e-m+fp/hard/libgcc.a(_arm_cmpdf2.o)
__muldf3                                          /usr/lib/gcc/arm-none-eabi/9.2.1/thumb/v7e-m+fp/hard/libgcc.a(_arm_muldivdf3.o)
                                                  /usr/lib/gcc/arm-none-eabi/9.2.1/thumb/v7e-m+fp/hard/libgcc.a(_arm_muldf3.o)
__nedf2                                           /usr/lib/gcc/arm-none-eabi/9.2.1/thumb/v7e-m+fp/hard/libgcc.a(_arm_cmpdf2.o)
__preinit_array_end                               ../../../../../libopencm3//lib/libopencm3_stm32f4.a(vector.o)
__preinit_array_start                             ../../../../../libopencm3//lib/libopencm3_stm32f4.a(vector.o)
__subdf3                                          /usr/lib/gcc/arm-none-eabi/9.2.1/thumb/v7e-m+fp/hard/libgcc.a(_arm_addsubdf3.o)
_data                                             ../../../../../libopencm3//lib/libopencm3_stm32f4.a(vector.o)
_data_loadaddr                                    ../../../../../libopencm3//lib/libopencm3_stm32f4.a(vector.o)
_ebss                                             ../../../../../libopencm3//lib/libopencm3_stm32f4.a(vector.o)
_edata                                            ../../../../../libopencm3//lib/libopencm3_stm32f4.a(vector.o)
_stack                                            ../../../../../libopencm3//lib/libopencm3_stm32f4.a(vector.o)
adc_isr                                           ../../../../../libopencm3//lib/libopencm3_stm32f4.a(vector.o)
blocking_handler                                  ../../../../../libopencm3//lib/libopencm3_stm32f4.a(vector.o)
bus_fault_handler                                 ../../../../../libopencm3//lib/libopencm3_stm32f4.a(vector.o)
can1_rx0_isr                                      ../../../../../libopencm3//lib/libopencm3_stm32f4.a(vector.o)
can1_rx1_isr                                      ../../../../../libopencm3//lib/libopencm3_stm32f4.a(vector.o)
can1_sce_isr                                      ../../../../../libopencm3//lib/libopencm3_stm32f4.a(vector.o)
can1_tx_isr                                       ../../../../../libopencm3//lib/libopencm3_stm32f4.a(vector.o)
can2_rx0_isr                                      ../../../../../libopencm3//lib/libopencm3_stm32f4.a(vector.o)
can2_rx1_isr                                      ../../../../../libopencm3//lib/libopencm3_stm32f4.a(vector.o)
can2_sce_isr                                      ../../../../../libopencm3//lib/libopencm3_stm32f4.a(vector.o)
can2_tx_isr                                       ../../../../../libopencm3//lib/libopencm3_stm32f4.a(vector.o)
clock_setup                                       clock.o
                                                  lcd-serial.o
console_getc                                      console.o
console_gets                                      console.o
console_putc                                      console.o
                                                  lcd-spi.o
console_puts                                      console.o
                                                  lcd-serial.o
                                                  lcd-spi.o
console_setup                                     console.o
                                                  lcd-serial.o
cos                                               /usr/lib/gcc/arm-none-eabi/9.2.1/../../../arm-none-eabi/lib/thumb/v7e-m+fp/hard/libm.a(lib_a-s_cos.o)
                                                  lcd-serial.o
cryp_isr                                          ../../../../../libopencm3//lib/libopencm3_stm32f4.a(vector.o)
cur_frame                                         lcd-spi.o
dcmi_isr                                          ../../../../../libopencm3//lib/libopencm3_stm32f4.a(vector.o)
debug_monitor_handler                             ../../../../../libopencm3//lib/libopencm3_stm32f4.a(vector.o)
display_frame                                     lcd-spi.o
dma1_stream0_isr                                  ../../../../../libopencm3//lib/libopencm3_stm32f4.a(vector.o)
dma1_stream1_isr                                  ../../../../../libopencm3//lib/libopencm3_stm32f4.a(vector.o)
dma1_stream2_isr                                  ../../../../../libopencm3//lib/libopencm3_stm32f4.a(vector.o)
dma1_stream3_isr                                  ../../../../../libopencm3//lib/libopencm3_stm32f4.a(vector.o)
dma1_stream4_isr                                  ../../../../../libopencm3//lib/libopencm3_stm32f4.a(vector.o)
dma1_stream5_isr                                  ../../../../../libopencm3//lib/libopencm3_stm32f4.a(vector.o)
dma1_stream6_isr                                  ../../../../../libopencm3//lib/libopencm3_stm32f4.a(vector.o)
dma1_stream7_isr                                  ../../../../../libopencm3//lib/libopencm3_stm32f4.a(vector.o)
dma2_stream0_isr                                  ../../../../../libopencm3//lib/libopencm3_stm32f4.a(vector.o)
dma2_stream1_isr                                  ../../../../../libopencm3//lib/libopencm3_stm32f4.a(vector.o)
dma2_stream2_isr                                  ../../../../../libopencm3//lib/libopencm3_stm32f4.a(vector.o)
dma2_stream3_isr                                  ../../../../../libopencm3//lib/libopencm3_stm32f4.a(vector.o)
dma2_stream4_isr                                  ../../../../../libopencm3//lib/libopencm3_stm32f4.a(vector.o)
dma2_stream5_isr                                  ../../../../../libopencm3//lib/libopencm3_stm32f4.a(vector.o)